../protobuf/Src/pb_common.c:8:13:load_descriptor_values	20	static
../protobuf/Src/pb_common.c:122:13:advance_iterator	8	static
../protobuf/Src/pb_common.c:156:6:pb_field_iter_begin	16	static
../protobuf/Src/pb_common.c:166:6:pb_field_iter_begin_extension	16	static
../protobuf/Src/pb_common.c:188:6:pb_field_iter_next	8	static
../protobuf/Src/pb_common.c:195:6:pb_field_iter_find	24	static
../protobuf/Src/pb_common.c:246:6:pb_field_iter_find_extension	16	static
../protobuf/Src/pb_common.c:290:6:pb_field_iter_begin_const	0	static
../protobuf/Src/pb_common.c:295:6:pb_field_iter_begin_extension_const	0	static
../protobuf/Src/pb_common.c:300:6:pb_default_field_callback	4	static
