../protobuf/Src/pb_decode.c:124:25:pb_readbyte	8	static
../protobuf/Src/pb_decode.c:170:25:pb_decode_varint32_eof	40	static
../protobuf/Src/pb_decode.c:68:25:buf_read	8	static
../protobuf/Src/pb_decode.c:81:18:pb_read	32	static
../protobuf/Src/pb_decode.c:142:14:pb_istream_from_buffer	4	static
../protobuf/Src/pb_decode.c:236:18:pb_decode_varint32	8	static
../protobuf/Src/pb_decode.c:242:18:pb_decode_varint	32	static
../protobuf/Src/pb_decode.c:290:18:pb_decode_tag	24	static
../protobuf/Src/pb_decode.c:307:18:pb_skip_field	24	static
../protobuf/Src/pb_decode.c:361:18:pb_make_string_substream	24	static
../protobuf/Src/pb_decode.c:376:18:pb_close_string_substream	16	static
../protobuf/Src/pb_decode.c:1335:6:pb_release	0	static
../protobuf/Src/pb_decode.c:1345:6:pb_decode_bool	16	static
../protobuf/Src/pb_decode.c:1355:6:pb_decode_svarint	16	static
../protobuf/Src/pb_decode.c:1369:6:pb_decode_fixed32	16	static
../protobuf/Src/pb_decode.c:1392:6:pb_decode_fixed64	16	static
../protobuf/Src/pb_decode.c:395:25:decode_basic_field	48	static
../protobuf/Src/pb_decode.c:797:25:decode_field	88	static
../protobuf/Src/pb_decode.c:950:13:pb_message_set_to_defaults	80	static
../protobuf/Src/pb_decode.c:989:25:pb_decode_inner	160	static
../protobuf/Src/pb_decode.c:1153:18:pb_decode_ex	40	static
../protobuf/Src/pb_decode.c:1181:18:pb_decode	8	static
