Archive member included to satisfy reference by file (symbol)

C:/ST/STM32CubeIDE_1.14.1/STM32CubeIDE/plugins/com.st.stm32cube.ide.mcu.externaltools.gnu-tools-for-stm32.11.3.rel1.win32_1.1.100.202309141235/tools/bin/../lib/gcc/arm-none-eabi/11.3.1/../../../../arm-none-eabi/lib/thumb/v7e-m+dp/hard\libc_nano.a(libc_a-exit.o)
                              C:/ST/STM32CubeIDE_1.14.1/STM32CubeIDE/plugins/com.st.stm32cube.ide.mcu.externaltools.gnu-tools-for-stm32.11.3.rel1.win32_1.1.100.202309141235/tools/bin/../lib/gcc/arm-none-eabi/11.3.1/../../../../arm-none-eabi/lib/thumb/v7e-m+dp/hard/crt0.o (exit)
C:/ST/STM32CubeIDE_1.14.1/STM32CubeIDE/plugins/com.st.stm32cube.ide.mcu.externaltools.gnu-tools-for-stm32.11.3.rel1.win32_1.1.100.202309141235/tools/bin/../lib/gcc/arm-none-eabi/11.3.1/../../../../arm-none-eabi/lib/thumb/v7e-m+dp/hard\libc_nano.a(libc_a-findfp.o)
                              C:/ST/STM32CubeIDE_1.14.1/STM32CubeIDE/plugins/com.st.stm32cube.ide.mcu.externaltools.gnu-tools-for-stm32.11.3.rel1.win32_1.1.100.202309141235/tools/bin/../lib/gcc/arm-none-eabi/11.3.1/../../../../arm-none-eabi/lib/thumb/v7e-m+dp/hard\libc_nano.a(libc_a-exit.o) (__stdio_exit_handler)
C:/ST/STM32CubeIDE_1.14.1/STM32CubeIDE/plugins/com.st.stm32cube.ide.mcu.externaltools.gnu-tools-for-stm32.11.3.rel1.win32_1.1.100.202309141235/tools/bin/../lib/gcc/arm-none-eabi/11.3.1/../../../../arm-none-eabi/lib/thumb/v7e-m+dp/hard\libc_nano.a(libc_a-fwalk.o)
                              C:/ST/STM32CubeIDE_1.14.1/STM32CubeIDE/plugins/com.st.stm32cube.ide.mcu.externaltools.gnu-tools-for-stm32.11.3.rel1.win32_1.1.100.202309141235/tools/bin/../lib/gcc/arm-none-eabi/11.3.1/../../../../arm-none-eabi/lib/thumb/v7e-m+dp/hard\libc_nano.a(libc_a-findfp.o) (_fwalk_sglue)
C:/ST/STM32CubeIDE_1.14.1/STM32CubeIDE/plugins/com.st.stm32cube.ide.mcu.externaltools.gnu-tools-for-stm32.11.3.rel1.win32_1.1.100.202309141235/tools/bin/../lib/gcc/arm-none-eabi/11.3.1/../../../../arm-none-eabi/lib/thumb/v7e-m+dp/hard\libc_nano.a(libc_a-stdio.o)
                              C:/ST/STM32CubeIDE_1.14.1/STM32CubeIDE/plugins/com.st.stm32cube.ide.mcu.externaltools.gnu-tools-for-stm32.11.3.rel1.win32_1.1.100.202309141235/tools/bin/../lib/gcc/arm-none-eabi/11.3.1/../../../../arm-none-eabi/lib/thumb/v7e-m+dp/hard\libc_nano.a(libc_a-findfp.o) (__sread)
C:/ST/STM32CubeIDE_1.14.1/STM32CubeIDE/plugins/com.st.stm32cube.ide.mcu.externaltools.gnu-tools-for-stm32.11.3.rel1.win32_1.1.100.202309141235/tools/bin/../lib/gcc/arm-none-eabi/11.3.1/../../../../arm-none-eabi/lib/thumb/v7e-m+dp/hard\libc_nano.a(libc_a-memset.o)
                              C:/ST/STM32CubeIDE_1.14.1/STM32CubeIDE/plugins/com.st.stm32cube.ide.mcu.externaltools.gnu-tools-for-stm32.11.3.rel1.win32_1.1.100.202309141235/tools/bin/../lib/gcc/arm-none-eabi/11.3.1/../../../../arm-none-eabi/lib/thumb/v7e-m+dp/hard/crt0.o (memset)
C:/ST/STM32CubeIDE_1.14.1/STM32CubeIDE/plugins/com.st.stm32cube.ide.mcu.externaltools.gnu-tools-for-stm32.11.3.rel1.win32_1.1.100.202309141235/tools/bin/../lib/gcc/arm-none-eabi/11.3.1/../../../../arm-none-eabi/lib/thumb/v7e-m+dp/hard\libc_nano.a(libc_a-closer.o)
                              C:/ST/STM32CubeIDE_1.14.1/STM32CubeIDE/plugins/com.st.stm32cube.ide.mcu.externaltools.gnu-tools-for-stm32.11.3.rel1.win32_1.1.100.202309141235/tools/bin/../lib/gcc/arm-none-eabi/11.3.1/../../../../arm-none-eabi/lib/thumb/v7e-m+dp/hard\libc_nano.a(libc_a-stdio.o) (_close_r)
C:/ST/STM32CubeIDE_1.14.1/STM32CubeIDE/plugins/com.st.stm32cube.ide.mcu.externaltools.gnu-tools-for-stm32.11.3.rel1.win32_1.1.100.202309141235/tools/bin/../lib/gcc/arm-none-eabi/11.3.1/../../../../arm-none-eabi/lib/thumb/v7e-m+dp/hard\libc_nano.a(libc_a-reent.o)
                              C:/ST/STM32CubeIDE_1.14.1/STM32CubeIDE/plugins/com.st.stm32cube.ide.mcu.externaltools.gnu-tools-for-stm32.11.3.rel1.win32_1.1.100.202309141235/tools/bin/../lib/gcc/arm-none-eabi/11.3.1/../../../../arm-none-eabi/lib/thumb/v7e-m+dp/hard\libc_nano.a(libc_a-closer.o) (errno)
C:/ST/STM32CubeIDE_1.14.1/STM32CubeIDE/plugins/com.st.stm32cube.ide.mcu.externaltools.gnu-tools-for-stm32.11.3.rel1.win32_1.1.100.202309141235/tools/bin/../lib/gcc/arm-none-eabi/11.3.1/../../../../arm-none-eabi/lib/thumb/v7e-m+dp/hard\libc_nano.a(libc_a-impure.o)
                              C:/ST/STM32CubeIDE_1.14.1/STM32CubeIDE/plugins/com.st.stm32cube.ide.mcu.externaltools.gnu-tools-for-stm32.11.3.rel1.win32_1.1.100.202309141235/tools/bin/../lib/gcc/arm-none-eabi/11.3.1/../../../../arm-none-eabi/lib/thumb/v7e-m+dp/hard\libc_nano.a(libc_a-reent.o) (_impure_ptr)
C:/ST/STM32CubeIDE_1.14.1/STM32CubeIDE/plugins/com.st.stm32cube.ide.mcu.externaltools.gnu-tools-for-stm32.11.3.rel1.win32_1.1.100.202309141235/tools/bin/../lib/gcc/arm-none-eabi/11.3.1/../../../../arm-none-eabi/lib/thumb/v7e-m+dp/hard\libc_nano.a(libc_a-lseekr.o)
[...]
Memory Configuration

Name             Origin             Length             Attributes
ITCMRAM          0x0000000000000000 0x0000000000010000 xrw
FLASH            0x0000000008000000 0x0000000000200000 xr
DTCMRAM1         0x0000000020000000 0x0000000000010000 xrw
DTCMRAM2         0x0000000020010000 0x0000000000010000 xrw
RAM              0x0000000024000000 0x0000000000100000 xrw
RAM_CD           0x0000000030000000 0x0000000000020000 xrw
RAM_SRD          0x0000000038000000 0x0000000000008000 xrw
*default*        0x0000000000000000 0xffffffffffffffff

Linker script and memory map

LOAD C:/ST/STM32CubeIDE_1.14.1/STM32CubeIDE/plugins/com.st.stm32cube.ide.mcu.externaltools.gnu-tools-for-stm32.11.3.rel1.win32_1.1.100.202309141235/tools/bin/../lib/gcc/arm-none-eabi/11.3.1/thumb/v7e-m+dp/hard/crti.o
LOAD C:/ST/STM32CubeIDE_1.14.1/STM32CubeIDE/plugins/com.st.stm32cube.ide.mcu.externaltools.gnu-tools-for-stm32.11.3.rel1.win32_1.1.100.202309141235/tools/bin/../lib/gcc/arm-none-eabi/11.3.1/thumb/v7e-m+dp/hard/crtbegin.o
LOAD C:/ST/STM32CubeIDE_1.14.1/STM32CubeIDE/plugins/com.st.stm32cube.ide.mcu.externaltools.gnu-tools-for-stm32.11.3.rel1.win32_1.1.100.202309141235/tools/bin/../lib/gcc/arm-none-eabi/11.3.1/../../../../arm-none-eabi/lib/thumb/v7e-m+dp/hard/crt0.o
LOAD ./Core/Src/main.o
LOAD ./Core/Src/stm32h7xx_hal_msp.o
LOAD ./Core/Src/stm32h7xx_it.o
LOAD ./Core/Src/syscalls.o
LOAD ./Core/Src/sysmem.o
LOAD ./Core/Src/system_stm32h7xx.o
LOAD ./Core/Startup/startup_stm32h7a3zitxq.o
LOAD ./Drivers/STM32H7xx_HAL_Driver/Src/stm32h7xx_hal.o
LOAD ./Drivers/STM32H7xx_HAL_Driver/Src/stm32h7xx_hal_cortex.o
LOAD ./Drivers/STM32H7xx_HAL_Driver/Src/stm32h7xx_hal_dma.o
LOAD ./Drivers/STM32H7xx_HAL_Driver/Src/stm32h7xx_hal_dma_ex.o
LOAD ./Drivers/STM32H7xx_HAL_Driver/Src/stm32h7xx_hal_exti.o
LOAD ./Drivers/STM32H7xx_HAL_Driver/Src/stm32h7xx_hal_flash.o
LOAD ./Drivers/STM32H7xx_HAL_Driver/Src/stm32h7xx_hal_flash_ex.o
LOAD ./Drivers/STM32H7xx_HAL_Driver/Src/stm32h7xx_hal_gpio.o
LOAD ./Drivers/STM32H7xx_HAL_Driver/Src/stm32h7xx_hal_hsem.o
LOAD ./Drivers/STM32H7xx_HAL_Driver/Src/stm32h7xx_hal_i2c.o
LOAD ./Drivers/STM32H7xx_HAL_Driver/Src/stm32h7xx_hal_i2c_ex.o
LOAD ./Drivers/STM32H7xx_HAL_Driver/Src/stm32h7xx_hal_mdma.o
LOAD ./Drivers/STM32H7xx_HAL_Driver/Src/stm32h7xx_hal_pwr.o
LOAD ./Drivers/STM32H7xx_HAL_Driver/Src/stm32h7xx_hal_pwr_ex.o
LOAD ./Drivers/STM32H7xx_HAL_Driver/Src/stm32h7xx_hal_rcc.o
LOAD ./Drivers/STM32H7xx_HAL_Driver/Src/stm32h7xx_hal_rcc_ex.o
LOAD ./Drivers/STM32H7xx_HAL_Driver/Src/stm32h7xx_hal_tim.o
LOAD ./Drivers/STM32H7xx_HAL_Driver/Src/stm32h7xx_hal_tim_ex.o
LOAD ./Drivers/STM32H7xx_HAL_Driver/Src/stm32h7xx_hal_uart.o
LOAD ./Drivers/STM32H7xx_HAL_Driver/Src/stm32h7xx_hal_uart_ex.o
LOAD ./protobuf/Src/STM32_led.pb.o
LOAD ./protobuf/Src/pb_common.o
LOAD ./protobuf/Src/pb_decode.o
START GROUP
LOAD C:/ST/STM32CubeIDE_1.14.1/STM32CubeIDE/plugins/com.st.stm32cube.ide.mcu.externaltools.gnu-tools-for-stm32.11.3.rel1.win32_1.1.100.202309141235/tools/bin/../lib/gcc/arm-none-eabi/11.3.1/../../../../arm-none-eabi/lib/thumb/v7e-m+dp/hard\libc_nano.a
LOAD C:/ST/STM32CubeIDE_1.14.1/STM32CubeIDE/plugins/com.st.stm32cube.ide.mcu.externaltools.gnu-tools-for-stm32.11.3.rel1.win32_1.1.100.202309141235/tools/bin/../lib/gcc/arm-none-eabi/11.3.1/../../../../arm-none-eabi/lib/thumb/v7e-m+dp/hard\libm.a
END GROUP
START GROUP
LOAD C:/ST/STM32CubeIDE_1.14.1/STM32CubeIDE/plugins/com.st.stm32cube.ide.mcu.externaltools.gnu-tools-for-stm32.11.3.rel1.win32_1.1.100.202309141235/tools/bin/../lib/gcc/arm-none-eabi/11.3.1/thumb/v7e-m+dp/hard\libgcc.a
LOAD C:/ST/STM32CubeIDE_1.14.1/STM32CubeIDE/plugins/com.st.stm32cube.ide.mcu.externaltools.gnu-tools-for-stm32.11.3.rel1.win32_1.1.100.202309141235/tools/bin/../lib/gcc/arm-none-eabi/11.3.1/../../../../arm-none-eabi/lib/thumb/v7e-m+dp/hard\libc_nano.a
END GROUP
START GROUP
LOAD C:/ST/STM32CubeIDE_1.14.1/STM32CubeIDE/plugins/com.st.stm32cube.ide.mcu.externaltools.gnu-tools-for-stm32.11.3.rel1.win32_1.1.100.202309141235/tools/bin/../lib/gcc/arm-none-eabi/11.3.1/thumb/v7e-m+dp/hard\libgcc.a
LOAD C:/ST/STM32CubeIDE_1.14.1/STM32CubeIDE/plugins/com.st.stm32cube.ide.mcu.externaltools.gnu-tools-for-stm32.11.3.rel1.win32_1.1.100.202309141235/tools/bin/../lib/gcc/arm-none-eabi/11.3.1/../../../../arm-none-eabi/lib/thumb/v7e-m+dp/hard\libc_nano.a
LOAD C:/ST/STM32CubeIDE_1.14.1/STM32CubeIDE/plugins/com.st.stm32cube.ide.mcu.externaltools.gnu-tools-for-stm32.11.3.rel1.win32_1.1.100.202309141235/tools/bin/../lib/gcc/arm-none-eabi/11.3.1/../../../../arm-none-eabi/lib/thumb/v7e-m+dp/hard\libnosys.a
END GROUP
START GROUP
LOAD C:/ST/STM32CubeIDE_1.14.1/STM32CubeIDE/plugins/com.st.stm32cube.ide.mcu.externaltools.gnu-tools-for-stm32.11.3.rel1.win32_1.1.100.202309141235/tools/bin/../lib/gcc/arm-none-eabi/11.3.1/thumb/v7e-m+dp/hard\libgcc.a
LOAD C:/ST/STM32CubeIDE_1.14.1/STM32CubeIDE/plugins/com.st.stm32cube.ide.mcu.externaltools.gnu-tools-for-stm32.11.3.rel1.win32_1.1.100.202309141235/tools/bin/../lib/gcc/arm-none-eabi/11.3.1/../../../../arm-none-eabi/lib/thumb/v7e-m+dp/hard\libc_nano.a
LOAD C:/ST/STM32CubeIDE_1.14.1/STM32CubeIDE/plugins/com.st.stm32cube.ide.mcu.externaltools.gnu-tools-for-stm32.11.3.rel1.win32_1.1.100.202309141235/tools/bin/../lib/gcc/arm-none-eabi/11.3.1/../../../../arm-none-eabi/lib/thumb/v7e-m+dp/hard\libnosys.a
END GROUP
LOAD C:/ST/STM32CubeIDE_1.14.1/STM32CubeIDE/plugins/com.st.stm32cube.ide.mcu.externaltools.gnu-tools-for-stm32.11.3.rel1.win32_1.1.100.202309141235/tools/bin/../lib/gcc/arm-none-eabi/11.3.1/thumb/v7e-m+dp/hard/crtend.o
LOAD C:/ST/STM32CubeIDE_1.14.1/STM32CubeIDE/plugins/com.st.stm32cube.ide.mcu.externaltools.gnu-tools-for-stm32.11.3.rel1.win32_1.1.100.202309141235/tools/bin/../lib/gcc/arm-none-eabi/11.3.1/thumb/v7e-m+dp/hard/crtn.o
                0x0000000024100000                _estack = (ORIGIN (RAM) + LENGTH (RAM))
                0x0000000000000200                _Min_Heap_Size = 0x200
                0x0000000000000400                _Min_Stack_Size = 0x400

.isr_vector     0x0000000008000000      0x2ac
                0x0000000008000000                . = ALIGN (0x4)
 *(.isr_vector)
 .isr_vector    0x0000000008000000      0x2ac ./Core/Startup/startup_stm32h7a3zitxq.o
                0x0000000008000000                g_pfnVectors
                0x00000000080002ac                . = ALIGN (0x4)

.text           0x00000000080002ac     0x9358
                0x00000000080002ac                . = ALIGN (0x4)
 *(.text)
 .text          0x00000000080002ac       0x40 C:/ST/STM32CubeIDE_1.14.1/STM32CubeIDE/plugins/com.st.stm32cube.ide.mcu.externaltools.gnu-tools-for-stm32.11.3.rel1.win32_1.1.100.202309141235/tools/bin/../lib/gcc/arm-none-eabi/11.3.1/thumb/v7e-m+dp/hard/crtbegin.o
 .text          0x00000000080002ec       0x30 C:/ST/STM32CubeIDE_1.14.1/STM32CubeIDE/plugins/com.st.stm32cube.ide.mcu.externaltools.gnu-tools-for-stm32.11.3.rel1.win32_1.1.100.202309141235/tools/bin/../lib/gcc/arm-none-eabi/11.3.1/thumb/v7e-m+dp/hard\libgcc.a(_aeabi_uldivmod.o)
                0x00000000080002ec                __aeabi_uldivmod
 .text          0x000000000800031c      0x2c8 C:/ST/STM32CubeIDE_1.14.1/STM32CubeIDE/plugins/com.st.stm32cube.ide.mcu.externaltools.gnu-tools-for-stm32.11.3.rel1.win32_1.1.100.202309141235/tools/bin/../lib/gcc/arm-none-eabi/11.3.1/thumb/v7e-m+dp/hard\libgcc.a(_udivmoddi4.o)
                0x000000000800031c                __udivmoddi4
 .text          0x00000000080005e4        0x4 C:/ST/STM32CubeIDE_1.14.1/STM32CubeIDE/plugins/com.st.stm32cube.ide.mcu.externaltools.gnu-tools-for-stm32.11.3.rel1.win32_1.1.100.202309141235/tools/bin/../lib/gcc/arm-none-eabi/11.3.1/thumb/v7e-m+dp/hard\libgcc.a(_dvmd_tls.o)
                0x00000000080005e4                __aeabi_idiv0
                0x00000000080005e4                __aeabi_ldiv0
 *(.text*)
 .text.processProtobufMsg
                0x00000000080005e8       0x78 ./Core/Src/main.o
                0x00000000080005e8                processProtobufMsg
 .text.HAL_UART_RxCpltCallback
                0x0000000008000660       0x48 ./Core/Src/main.o
                0x0000000008000660                HAL_UART_RxCpltCallback
 .text.HAL_UART_ErrorCallback
                0x00000000080006a8       0x20 ./Core/Src/main.o
                0x00000000080006a8                HAL_UART_ErrorCallback
 .text.main     0x00000000080006c8       0x78 ./Core/Src/main.o
                0x00000000080006c8                main
 .text.SystemClock_Config
                0x0000000008000740       0xec ./Core/Src/main.o
                0x0000000008000740                SystemClock_Config
 .text.MX_USART3_UART_Init
                0x000000000800082c       0x98 ./Core/Src/main.o
 .text.MX_USB_OTG_HS_USB_Init
                0x00000000080008c4        0xe ./Core/Src/main.o
 *fill*         0x00000000080008d2        0x2 
 .text.MX_GPIO_Init
                0x00000000080008d4      0x234 ./Core/Src/main.o
 .text.Error_Handler
                0x0000000008000b08        0xa ./Core/Src/main.o
                0x0000000008000b08                Error_Handler
 *fill*         0x0000000008000b12        0x2 
 .text.HAL_MspInit
                0x0000000008000b14       0x34 ./Core/Src/stm32h7xx_hal_msp.o
                0x0000000008000b14                HAL_MspInit
 .text.HAL_UART_MspInit
                0x0000000008000b48       0xe4 ./Core/Src/stm32h7xx_hal_msp.o
                0x0000000008000b48                HAL_UART_MspInit
 .text.NMI_Handler
                0x0000000008000c2c        0x6 ./Core/Src/stm32h7xx_it.o
                0x0000000008000c2c                NMI_Handler
 .text.HardFault_Handler
                0x0000000008000c32        0x6 ./Core/Src/stm32h7xx_it.o
                0x0000000008000c32                HardFault_Handler
 .text.MemManage_Handler
                0x0000000008000c38        0x6 ./Core/Src/stm32h7xx_it.o
                0x0000000008000c38                MemManage_Handler
 .text.BusFault_Handler
                0x0000000008000c3e        0x6 ./Core/Src/stm32h7xx_it.o
                0x0000000008000c3e                BusFault_Handler
 .text.UsageFault_Handler
                0x0000000008000c44        0x6 ./Core/Src/stm32h7xx_it.o
                0x0000000008000c44                UsageFault_Handler
 .text.SVC_Handler
                0x0000000008000c4a        0xe ./Core/Src/stm32h7xx_it.o
                0x0000000008000c4a                SVC_Handler
 .text.DebugMon_Handler
                0x0000000008000c58        0xe ./Core/Src/stm32h7xx_it.o
                0x0000000008000c58                DebugMon_Handler
 .text.PendSV_Handler
                0x0000000008000c66        0xe ./Core/Src/stm32h7xx_it.o
                0x0000000008000c66                PendSV_Handler
 .text.SysTick_Handler
                0x0000000008000c74        0xc ./Core/Src/stm32h7xx_it.o
                0x0000000008000c74                SysTick_Handler
 .text.USART3_IRQHandler
                0x0000000008000c80       0x14 ./Core/Src/stm32h7xx_it.o
                0x0000000008000c80                USART3_IRQHandler
 .text.SystemInit
                0x0000000008000c94       0xf0 ./Core/Src/system_stm32h7xx.o
                0x0000000008000c94                SystemInit
 .text.Reset_Handler
                0x0000000008000d84       0x50 ./Core/Startup/startup_stm32h7a3zitxq.o
                0x0000000008000d84                Reset_Handler
 .text.Default_Handler
                0x0000000008000dd4        0x2 ./Core/Startup/startup_stm32h7a3zitxq.o
                0x0000000008000dd4                RTC_Alarm_IRQHandler
                0x0000000008000dd4                EXTI2_IRQHandler
                0x0000000008000dd4                TIM8_CC_IRQHandler
                0x0000000008000dd4                UART8_IRQHandler
                0x0000000008000dd4                BDMA2_Channel1_IRQHandler
                0x0000000008000dd4                SPI4_IRQHandler
                0x0000000008000dd4                BDMA2_Channel0_IRQHandler
                0x0000000008000dd4                TIM1_CC_IRQHandler
                0x0000000008000dd4                DMA2_Stream5_IRQHandler
                0x0000000008000dd4                JPEG_IRQHandler
                0x0000000008000dd4                DMA1_Stream5_IRQHandler
                0x0000000008000dd4                EXTI3_IRQHandler
                0x0000000008000dd4                LPTIM4_IRQHandler
                0x0000000008000dd4                TIM8_TRG_COM_TIM14_IRQHandler
                0x0000000008000dd4                LPTIM2_IRQHandler
                0x0000000008000dd4                DFSDM1_FLT1_IRQHandler
                0x0000000008000dd4                DMAMUX2_OVR_IRQHandler
                0x0000000008000dd4                GFXMMU_IRQHandler
                0x0000000008000dd4                TIM8_UP_TIM13_IRQHandler
                0x0000000008000dd4                I2C3_ER_IRQHandler
                0x0000000008000dd4                DFSDM1_FLT2_IRQHandler
                0x0000000008000dd4                USART10_IRQHandler
                0x0000000008000dd4                MDMA_IRQHandler
                0x0000000008000dd4                LPTIM3_IRQHandler
                0x0000000008000dd4                BDMA2_Channel3_IRQHandler
                0x0000000008000dd4                HSEM1_IRQHandler
                0x0000000008000dd4                EXTI0_IRQHandler
                0x0000000008000dd4                I2C2_EV_IRQHandler
                0x0000000008000dd4                DAC2_IRQHandler
                0x0000000008000dd4                DMA1_Stream2_IRQHandler
                0x0000000008000dd4                FPU_IRQHandler
                0x0000000008000dd4                OTG_HS_WKUP_IRQHandler
                0x0000000008000dd4                FDCAN1_IT1_IRQHandler
                0x0000000008000dd4                LTDC_ER_IRQHandler
                0x0000000008000dd4                DMA2_Stream2_IRQHandler
                0x0000000008000dd4                SPI1_IRQHandler
                0x0000000008000dd4                OCTOSPI1_IRQHandler
                0x0000000008000dd4                TIM6_DAC_IRQHandler
                0x0000000008000dd4                BDMA2_Channel6_IRQHandler
                0x0000000008000dd4                DMA2_Stream3_IRQHandler
                0x0000000008000dd4                OCTOSPI2_IRQHandler
                0x0000000008000dd4                SAI2_IRQHandler
                0x0000000008000dd4                BDMA1_IRQHandler
                0x0000000008000dd4                DFSDM1_FLT3_IRQHandler
                0x0000000008000dd4                USART6_IRQHandler
                0x0000000008000dd4                TIM17_IRQHandler
                0x0000000008000dd4                LPTIM5_IRQHandler
                0x0000000008000dd4                UART5_IRQHandler
                0x0000000008000dd4                DMA2_Stream0_IRQHandler
                0x0000000008000dd4                TIM4_IRQHandler
                0x0000000008000dd4                I2C1_EV_IRQHandler
                0x0000000008000dd4                DMA1_Stream6_IRQHandler
                0x0000000008000dd4                DMAMUX1_OVR_IRQHandler
                0x0000000008000dd4                DMA1_Stream1_IRQHandler
                0x0000000008000dd4                TIM16_IRQHandler
                0x0000000008000dd4                UART4_IRQHandler
                0x0000000008000dd4                TIM3_IRQHandler
                0x0000000008000dd4                RCC_IRQHandler
                0x0000000008000dd4                UART9_IRQHandler
                0x0000000008000dd4                TIM8_BRK_TIM12_IRQHandler
                0x0000000008000dd4                TIM1_TRG_COM_IRQHandler
                0x0000000008000dd4                Default_Handler
                0x0000000008000dd4                ECC_IRQHandler
                0x0000000008000dd4                BDMA2_Channel2_IRQHandler
                0x0000000008000dd4                CEC_IRQHandler
                0x0000000008000dd4                EXTI15_10_IRQHandler
                0x0000000008000dd4                DFSDM1_FLT4_IRQHandler
                0x0000000008000dd4                ADC_IRQHandler
                0x0000000008000dd4                DMA1_Stream7_IRQHandler
                0x0000000008000dd4                SPI5_IRQHandler
                0x0000000008000dd4                TIM7_IRQHandler
                0x0000000008000dd4                SDMMC1_IRQHandler
                0x0000000008000dd4                TIM5_IRQHandler
                0x0000000008000dd4                DMA2_Stream7_IRQHandler
                0x0000000008000dd4                TIM15_IRQHandler
                0x0000000008000dd4                I2C3_EV_IRQHandler
                0x0000000008000dd4                DFSDM2_IRQHandler
                0x0000000008000dd4                EXTI9_5_IRQHandler
                0x0000000008000dd4                RTC_WKUP_IRQHandler
                0x0000000008000dd4                LTDC_IRQHandler
                0x0000000008000dd4                SPDIF_RX_IRQHandler
                0x0000000008000dd4                PVD_PVM_IRQHandler
                0x0000000008000dd4                SPI2_IRQHandler
                0x0000000008000dd4                OTG_HS_EP1_IN_IRQHandler
                0x0000000008000dd4                DFSDM1_FLT5_IRQHandler
                0x0000000008000dd4                DMA1_Stream0_IRQHandler
                0x0000000008000dd4                CRS_IRQHandler
                0x0000000008000dd4                EXTI4_IRQHandler
                0x0000000008000dd4                DFSDM1_FLT6_IRQHandler
                0x0000000008000dd4                RNG_IRQHandler
                0x0000000008000dd4                FDCAN2_IT1_IRQHandler
                0x0000000008000dd4                COMP_IRQHandler
                0x0000000008000dd4                TIM1_UP_IRQHandler
                0x0000000008000dd4                OTG_HS_EP1_OUT_IRQHandler
                0x0000000008000dd4                WWDG_IRQHandler
                0x0000000008000dd4                SPI6_IRQHandler
                0x0000000008000dd4                MDIOS_IRQHandler
                0x0000000008000dd4                I2C4_EV_IRQHandler
                0x0000000008000dd4                FDCAN2_IT0_IRQHandler
                0x0000000008000dd4                LPUART1_IRQHandler
                0x0000000008000dd4                FDCAN1_IT0_IRQHandler
                0x0000000008000dd4                TIM2_IRQHandler
                0x0000000008000dd4                BDMA2_Channel5_IRQHandler
                0x0000000008000dd4                OTG_HS_IRQHandler
                0x0000000008000dd4                DMA2D_IRQHandler
                0x0000000008000dd4                TIM1_BRK_IRQHandler
                0x0000000008000dd4                EXTI1_IRQHandler
                0x0000000008000dd4                SDMMC2_IRQHandler
                0x0000000008000dd4                DTS_IRQHandler
                0x0000000008000dd4                UART7_IRQHandler
                0x0000000008000dd4                MDIOS_WKUP_IRQHandler
                0x0000000008000dd4                USART2_IRQHandler
                0x0000000008000dd4                DFSDM1_FLT0_IRQHandler
                0x0000000008000dd4                I2C2_ER_IRQHandler
                0x0000000008000dd4                DMA2_Stream1_IRQHandler
                0x0000000008000dd4                DFSDM1_FLT7_IRQHandler
                0x0000000008000dd4                FLASH_IRQHandler
                0x0000000008000dd4                DMA2_Stream4_IRQHandler
                0x0000000008000dd4                USART1_IRQHandler
                0x0000000008000dd4                SPI3_IRQHandler
                0x0000000008000dd4                WAKEUP_PIN_IRQHandler
                0x0000000008000dd4                DMA1_Stream4_IRQHandler
                0x0000000008000dd4                I2C1_ER_IRQHandler
                0x0000000008000dd4                FMC_IRQHandler
                0x0000000008000dd4                BDMA2_Channel7_IRQHandler
                0x0000000008000dd4                FDCAN_CAL_IRQHandler
                0x0000000008000dd4                SWPMI1_IRQHandler
                0x0000000008000dd4                LPTIM1_IRQHandler
                0x0000000008000dd4                DCMI_PSSI_IRQHandler
                0x0000000008000dd4                I2C4_ER_IRQHandler
                0x0000000008000dd4                DMA2_Stream6_IRQHandler
                0x0000000008000dd4                SAI1_IRQHandler
                0x0000000008000dd4                DMA1_Stream3_IRQHandler
                0x0000000008000dd4                RTC_TAMP_STAMP_CSS_LSE_IRQHandler
                0x0000000008000dd4                BDMA2_Channel4_IRQHandler
 *fill*         0x0000000008000dd6        0x2 
 .text.HAL_Init
                0x0000000008000dd8       0x78 ./Drivers/STM32H7xx_HAL_Driver/Src/stm32h7xx_hal.o
                0x0000000008000dd8                HAL_Init
 .text.HAL_InitTick
                0x0000000008000e50       0x6c ./Drivers/STM32H7xx_HAL_Driver/Src/stm32h7xx_hal.o
                0x0000000008000e50                HAL_InitTick
 .text.HAL_IncTick
                0x0000000008000ebc       0x28 ./Drivers/STM32H7xx_HAL_Driver/Src/stm32h7xx_hal.o
                0x0000000008000ebc                HAL_IncTick
 .text.HAL_GetTick
                0x0000000008000ee4       0x18 ./Drivers/STM32H7xx_HAL_Driver/Src/stm32h7xx_hal.o
                0x0000000008000ee4                HAL_GetTick
 .text.__NVIC_SetPriorityGrouping
                0x0000000008000efc       0x48 ./Drivers/STM32H7xx_HAL_Driver/Src/stm32h7xx_hal_cortex.o
 .text.__NVIC_GetPriorityGrouping
                0x0000000008000f44       0x1c ./Drivers/STM32H7xx_HAL_Driver/Src/stm32h7xx_hal_cortex.o
 .text.__NVIC_EnableIRQ
                0x0000000008000f60       0x3c ./Drivers/STM32H7xx_HAL_Driver/Src/stm32h7xx_hal_cortex.o
 .text.__NVIC_SetPriority
                0x0000000008000f9c       0x54 ./Drivers/STM32H7xx_HAL_Driver/Src/stm32h7xx_hal_cortex.o
 .text.NVIC_EncodePriority
                0x0000000008000ff0       0x66 ./Drivers/STM32H7xx_HAL_Driver/Src/stm32h7xx_hal_cortex.o
 *fill*         0x0000000008001056        0x2 
 .text.SysTick_Config
                0x0000000008001058       0x44 ./Drivers/STM32H7xx_HAL_Driver/Src/stm32h7xx_hal_cortex.o
 .text.HAL_NVIC_SetPriorityGrouping
                0x000000000800109c       0x16 ./Drivers/STM32H7xx_HAL_Driver/Src/stm32h7xx_hal_cortex.o
                0x000000000800109c                HAL_NVIC_SetPriorityGrouping
 .text.HAL_NVIC_SetPriority
                0x00000000080010b2       0x34 ./Drivers/STM32H7xx_HAL_Driver/Src/stm32h7xx_hal_cortex.o
                0x00000000080010b2                HAL_NVIC_SetPriority
 .text.HAL_NVIC_EnableIRQ
                0x00000000080010e6       0x1c ./Drivers/STM32H7xx_HAL_Driver/Src/stm32h7xx_hal_cortex.o
                0x00000000080010e6                HAL_NVIC_EnableIRQ
 .text.HAL_SYSTICK_Config
                0x0000000008001102       0x18 ./Drivers/STM32H7xx_HAL_Driver/Src/stm32h7xx_hal_cortex.o
                0x0000000008001102                HAL_SYSTICK_Config
 *fill*         0x000000000800111a        0x2 
 .text.HAL_DMA_Abort
                0x000000000800111c      0x63c ./Drivers/STM32H7xx_HAL_Driver/Src/stm32h7xx_hal_dma.o
                0x000000000800111c                HAL_DMA_Abort
 .text.HAL_DMA_Abort_IT
                0x0000000008001758      0x48c ./Drivers/STM32H7xx_HAL_Driver/Src/stm32h7xx_hal_dma.o
                0x0000000008001758                HAL_DMA_Abort_IT
 .text.HAL_GPIO_Init
                0x0000000008001be4      0x360 ./Drivers/STM32H7xx_HAL_Driver/Src/stm32h7xx_hal_gpio.o
                0x0000000008001be4                HAL_GPIO_Init
 .text.HAL_GPIO_WritePin
                0x0000000008001f44       0x32 ./Drivers/STM32H7xx_HAL_Driver/Src/stm32h7xx_hal_gpio.o
                0x0000000008001f44                HAL_GPIO_WritePin
 *fill*         0x0000000008001f76        0x2 
 .text.HAL_PWREx_ConfigSupply
                0x0000000008001f78       0xb4 ./Drivers/STM32H7xx_HAL_Driver/Src/stm32h7xx_hal_pwr_ex.o
                0x0000000008001f78                HAL_PWREx_ConfigSupply
 .text.HAL_RCC_OscConfig
                0x000000000800202c      0x864 ./Drivers/STM32H7xx_HAL_Driver/Src/stm32h7xx_hal_rcc.o
                0x000000000800202c                HAL_RCC_OscConfig
 .text.HAL_RCC_ClockConfig
                0x0000000008002890      0x36c ./Drivers/STM32H7xx_HAL_Driver/Src/stm32h7xx_hal_rcc.o
                0x0000000008002890                HAL_RCC_ClockConfig
 .text.HAL_RCC_GetSysClockFreq
                0x0000000008002bfc      0x2f4 ./Drivers/STM32H7xx_HAL_Driver/Src/stm32h7xx_hal_rcc.o
                0x0000000008002bfc                HAL_RCC_GetSysClockFreq
 .text.HAL_RCC_GetHCLKFreq
                0x0000000008002ef0       0x60 ./Drivers/STM32H7xx_HAL_Driver/Src/stm32h7xx_hal_rcc.o
                0x0000000008002ef0                HAL_RCC_GetHCLKFreq
 .text.HAL_RCC_GetPCLK1Freq
                0x0000000008002f50       0x2c ./Drivers/STM32H7xx_HAL_Driver/Src/stm32h7xx_hal_rcc.o
                0x0000000008002f50                HAL_RCC_GetPCLK1Freq
 .text.HAL_RCC_GetPCLK2Freq
                0x0000000008002f7c       0x2c ./Drivers/STM32H7xx_HAL_Driver/Src/stm32h7xx_hal_rcc.o
                0x0000000008002f7c                HAL_RCC_GetPCLK2Freq
 .text.HAL_RCCEx_PeriphCLKConfig
                0x0000000008002fa8     0x137c ./Drivers/STM32H7xx_HAL_Driver/Src/stm32h7xx_hal_rcc_ex.o
                0x0000000008002fa8                HAL_RCCEx_PeriphCLKConfig
 .text.HAL_RCCEx_GetD3PCLK1Freq
                0x0000000008004324       0x2c ./Drivers/STM32H7xx_HAL_Driver/Src/stm32h7xx_hal_rcc_ex.o
                0x0000000008004324                HAL_RCCEx_GetD3PCLK1Freq
 .text.HAL_RCCEx_GetPLL2ClockFreq
                0x0000000008004350      0x2a8 ./Drivers/STM32H7xx_HAL_Driver/Src/stm32h7xx_hal_rcc_ex.o
                0x0000000008004350                HAL_RCCEx_GetPLL2ClockFreq
 .text.HAL_RCCEx_GetPLL3ClockFreq
                0x00000000080045f8      0x2a8 ./Drivers/STM32H7xx_HAL_Driver/Src/stm32h7xx_hal_rcc_ex.o
                0x00000000080045f8                HAL_RCCEx_GetPLL3ClockFreq
 .text.RCCEx_PLL2_Config
                0x00000000080048a0      0x164 ./Drivers/STM32H7xx_HAL_Driver/Src/stm32h7xx_hal_rcc_ex.o
 .text.RCCEx_PLL3_Config
                0x0000000008004a04      0x164 ./Drivers/STM32H7xx_HAL_Driver/Src/stm32h7xx_hal_rcc_ex.o
 .text.HAL_UART_Init
                0x0000000008004b68       0xa0 ./Drivers/STM32H7xx_HAL_Driver/Src/stm32h7xx_hal_uart.o
                0x0000000008004b68                HAL_UART_Init
 .text.HAL_UART_Receive_IT
                0x0000000008004c08       0x98 ./Drivers/STM32H7xx_HAL_Driver/Src/stm32h7xx_hal_uart.o
                0x0000000008004c08                HAL_UART_Receive_IT
 .text.HAL_UART_IRQHandler
                0x0000000008004ca0      0x774 ./Drivers/STM32H7xx_HAL_Driver/Src/stm32h7xx_hal_uart.o
                0x0000000008004ca0                HAL_UART_IRQHandler
 .text.HAL_UART_TxCpltCallback
                0x0000000008005414       0x14 ./Drivers/STM32H7xx_HAL_Driver/Src/stm32h7xx_hal_uart.o
                0x0000000008005414                HAL_UART_TxCpltCallback
 .text.HAL_UARTEx_RxEventCallback
                0x0000000008005428       0x18 ./Drivers/STM32H7xx_HAL_Driver/Src/stm32h7xx_hal_uart.o
                0x0000000008005428                HAL_UARTEx_RxEventCallback
 .text.UART_SetConfig
                0x0000000008005440      0xcd8 ./Drivers/STM32H7xx_HAL_Driver/Src/stm32h7xx_hal_uart.o
                0x0000000008005440                UART_SetConfig
 .text.UART_AdvFeatureConfig
                0x0000000008006118      0x144 ./Drivers/STM32H7xx_HAL_Driver/Src/stm32h7xx_hal_uart.o
                0x0000000008006118                UART_AdvFeatureConfig
 .text.UART_CheckIdleState
                0x000000000800625c      0x154 ./Drivers/STM32H7xx_HAL_Driver/Src/stm32h7xx_hal_uart.o
                0x000000000800625c                UART_CheckIdleState
 .text.UART_WaitOnFlagUntilTimeout
                0x00000000080063b0       0xce ./Drivers/STM32H7xx_HAL_Driver/Src/stm32h7xx_hal_uart.o
                0x00000000080063b0                UART_WaitOnFlagUntilTimeout
 *fill*         0x000000000800647e        0x2 
 .text.UART_Start_Receive_IT
                0x0000000008006480      0x244 ./Drivers/STM32H7xx_HAL_Driver/Src/stm32h7xx_hal_uart.o
                0x0000000008006480                UART_Start_Receive_IT
 .text.UART_EndRxTransfer
                0x00000000080066c4       0xcc ./Drivers/STM32H7xx_HAL_Driver/Src/stm32h7xx_hal_uart.o
 .text.UART_DMAAbortOnError
                0x0000000008006790       0x2c ./Drivers/STM32H7xx_HAL_Driver/Src/stm32h7xx_hal_uart.o
 .text.UART_EndTransmit_IT
                0x00000000080067bc       0x56 ./Drivers/STM32H7xx_HAL_Driver/Src/stm32h7xx_hal_uart.o
 *fill*         0x0000000008006812        0x2 
 .text.UART_RxISR_8BIT
                0x0000000008006814      0x1b8 ./Drivers/STM32H7xx_HAL_Driver/Src/stm32h7xx_hal_uart.o
 .text.UART_RxISR_16BIT
                0x00000000080069cc      0x1b8 ./Drivers/STM32H7xx_HAL_Driver/Src/stm32h7xx_hal_uart.o
 .text.UART_RxISR_8BIT_FIFOEN
                0x0000000008006b84      0x360 ./Drivers/STM32H7xx_HAL_Driver/Src/stm32h7xx_hal_uart.o
 .text.UART_RxISR_16BIT_FIFOEN
                0x0000000008006ee4      0x368 ./Drivers/STM32H7xx_HAL_Driver/Src/stm32h7xx_hal_uart.o
 .text.HAL_UARTEx_WakeupCallback
                0x000000000800724c       0x14 ./Drivers/STM32H7xx_HAL_Driver/Src/stm32h7xx_hal_uart_ex.o
                0x000000000800724c                HAL_UARTEx_WakeupCallback
 .text.HAL_UARTEx_RxFifoFullCallback
                0x0000000008007260       0x14 ./Drivers/STM32H7xx_HAL_Driver/Src/stm32h7xx_hal_uart_ex.o
                0x0000000008007260                HAL_UARTEx_RxFifoFullCallback
 .text.HAL_UARTEx_TxFifoEmptyCallback
                0x0000000008007274       0x14 ./Drivers/STM32H7xx_HAL_Driver/Src/stm32h7xx_hal_uart_ex.o
                0x0000000008007274                HAL_UARTEx_TxFifoEmptyCallback
 .text.HAL_UARTEx_DisableFifoMode
                0x0000000008007288       0x72 ./Drivers/STM32H7xx_HAL_Driver/Src/stm32h7xx_hal_uart_ex.o
                0x0000000008007288                HAL_UARTEx_DisableFifoMode
 .text.HAL_UARTEx_SetTxFifoThreshold
                0x00000000080072fa       0x7c ./Drivers/STM32H7xx_HAL_Driver/Src/stm32h7xx_hal_uart_ex.o
                0x00000000080072fa                HAL_UARTEx_SetTxFifoThreshold
 .text.HAL_UARTEx_SetRxFifoThreshold
                0x0000000008007376       0x7c ./Drivers/STM32H7xx_HAL_Driver/Src/stm32h7xx_hal_uart_ex.o
                0x0000000008007376                HAL_UARTEx_SetRxFifoThreshold
 *fill*         0x00000000080073f2        0x2 
 .text.UARTEx_SetNbDataToProcess
                0x00000000080073f4       0x9c ./Drivers/STM32H7xx_HAL_Driver/Src/stm32h7xx_hal_uart_ex.o
 .text.load_descriptor_values
                0x0000000008007490      0x2d4 ./protobuf/Src/pb_common.o
 .text.advance_iterator
                0x0000000008007764       0xc2 ./protobuf/Src/pb_common.o
 .text.pb_field_iter_begin
                0x0000000008007826       0x32 ./protobuf/Src/pb_common.o
                0x0000000008007826                pb_field_iter_begin
 .text.pb_field_iter_begin_extension
                0x0000000008007858       0x60 ./protobuf/Src/pb_common.o
                0x0000000008007858                pb_field_iter_begin_extension
 .text.pb_field_iter_next
                0x00000000080078b8       0x2a ./protobuf/Src/pb_common.o
                0x00000000080078b8                pb_field_iter_next
 .text.pb_field_iter_find
                0x00000000080078e2       0xac ./protobuf/Src/pb_common.o
                0x00000000080078e2                pb_field_iter_find
 .text.pb_field_iter_find_extension
                0x000000000800798e       0x66 ./protobuf/Src/pb_common.o
                0x000000000800798e                pb_field_iter_find_extension
 .text.buf_read
                0x00000000080079f4       0x38 ./protobuf/Src/pb_decode.o
 .text.pb_read  0x0000000008007a2c       0xec ./protobuf/Src/pb_decode.o
                0x0000000008007a2c                pb_read
 .text.pb_readbyte
                0x0000000008007b18       0x78 ./protobuf/Src/pb_decode.o
 .text.pb_istream_from_buffer
                0x0000000008007b90       0x3c ./protobuf/Src/pb_decode.o
                0x0000000008007b90                pb_istream_from_buffer
 .text.pb_decode_varint32_eof
                0x0000000008007bcc      0x154 ./protobuf/Src/pb_decode.o
 .text.pb_decode_varint32
                0x0000000008007d20       0x1e ./protobuf/Src/pb_decode.o
                0x0000000008007d20                pb_decode_varint32
 *fill*         0x0000000008007d3e        0x2 
 .text.pb_decode_varint
                0x0000000008007d40       0xcc ./protobuf/Src/pb_decode.o
                0x0000000008007d40                pb_decode_varint
 .text.pb_skip_varint
                0x0000000008007e0c       0x38 ./protobuf/Src/pb_decode.o
 .text.pb_skip_string
                0x0000000008007e44       0x3a ./protobuf/Src/pb_decode.o
 .text.pb_decode_tag
                0x0000000008007e7e       0x5e ./protobuf/Src/pb_decode.o
                0x0000000008007e7e                pb_decode_tag
 .text.pb_skip_field
                0x0000000008007edc       0x84 ./protobuf/Src/pb_decode.o
                0x0000000008007edc                pb_skip_field
 .text.read_raw_value
                0x0000000008007f60       0xd8 ./protobuf/Src/pb_decode.o
 .text.pb_make_string_substream
                0x0000000008008038       0x74 ./protobuf/Src/pb_decode.o
                0x0000000008008038                pb_make_string_substream
 .text.pb_close_string_substream
                0x00000000080080ac       0x4a ./protobuf/Src/pb_decode.o
                0x00000000080080ac                pb_close_string_substream
 *fill*         0x00000000080080f6        0x2 
 .text.decode_basic_field
                0x00000000080080f8      0x1ec ./protobuf/Src/pb_decode.o
 .text.decode_static_field
                0x00000000080082e4      0x280 ./protobuf/Src/pb_decode.o
 .text.decode_pointer_field
                0x0000000008008564       0x34 ./protobuf/Src/pb_decode.o
 .text.decode_callback_field
                0x0000000008008598      0x114 ./protobuf/Src/pb_decode.o
 .text.decode_field
                0x00000000080086ac       0x7c ./protobuf/Src/pb_decode.o
 .text.default_extension_decoder
                0x0000000008008728       0x74 ./protobuf/Src/pb_decode.o
 .text.decode_extension
                0x000000000800879c       0x78 ./protobuf/Src/pb_decode.o
 .text.pb_field_set_to_default
                0x0000000008008814      0x182 ./protobuf/Src/pb_decode.o
 .text.pb_message_set_to_defaults
                0x0000000008008996       0xfa ./protobuf/Src/pb_decode.o
 .text.pb_decode_inner
                0x0000000008008a90      0x374 ./protobuf/Src/pb_decode.o
 .text.pb_decode
                0x0000000008008e04       0x26 ./protobuf/Src/pb_decode.o
                0x0000000008008e04                pb_decode
 .text.pb_decode_bool
                0x0000000008008e2a       0x40 ./protobuf/Src/pb_decode.o
                0x0000000008008e2a                pb_decode_bool
 .text.pb_decode_svarint
                0x0000000008008e6a       0x86 ./protobuf/Src/pb_decode.o
                0x0000000008008e6a                pb_decode_svarint
 .text.pb_decode_fixed32
                0x0000000008008ef0       0x38 ./protobuf/Src/pb_decode.o
                0x0000000008008ef0                pb_decode_fixed32
 .text.pb_decode_fixed64
                0x0000000008008f28       0x3c ./protobuf/Src/pb_decode.o
                0x0000000008008f28                pb_decode_fixed64
 .text.pb_dec_bool
                0x0000000008008f64       0x20 ./protobuf/Src/pb_decode.o
 .text.pb_dec_varint
                0x0000000008008f84      0x258 ./protobuf/Src/pb_decode.o
 .text.pb_dec_bytes
                0x00000000080091dc       0xe8 ./protobuf/Src/pb_decode.o
 .text.pb_dec_string
                0x00000000080092c4       0xf8 ./protobuf/Src/pb_decode.o
 .text.pb_dec_submessage
                0x00000000080093bc      0x114 ./protobuf/Src/pb_decode.o
 .text.pb_dec_fixed_length_bytes
                0x00000000080094d0       0xa8 ./protobuf/Src/pb_decode.o
 .text.memset   0x0000000008009578       0x10 C:/ST/STM32CubeIDE_1.14.1/STM32CubeIDE/plugins/com.st.stm32cube.ide.mcu.externaltools.gnu-tools-for-stm32.11.3.rel1.win32_1.1.100.202309141235/tools/bin/../lib/gcc/arm-none-eabi/11.3.1/../../../../arm-none-eabi/lib/thumb/v7e-m+dp/hard\libc_nano.a(libc_a-memset.o)
                0x0000000008009578                memset
 .text.__libc_init_array
                0x0000000008009588       0x48 C:/ST/STM32CubeIDE_1.14.1/STM32CubeIDE/plugins/com.st.stm32cube.ide.mcu.externaltools.gnu-tools-for-stm32.11.3.rel1.win32_1.1.100.202309141235/tools/bin/../lib/gcc/arm-none-eabi/11.3.1/../../../../arm-none-eabi/lib/thumb/v7e-m+dp/hard\libc_nano.a(libc_a-init.o)
                0x0000000008009588                __libc_init_array
 .text.memcpy   0x00000000080095d0       0x1c C:/ST/STM32CubeIDE_1.14.1/STM32CubeIDE/plugins/com.st.stm32cube.ide.mcu.externaltools.gnu-tools-for-stm32.11.3.rel1.win32_1.1.100.202309141235/tools/bin/../lib/gcc/arm-none-eabi/11.3.1/../../../../arm-none-eabi/lib/thumb/v7e-m+dp/hard\libc_nano.a(libc_a-memcpy-stub.o)
                0x00000000080095d0                memcpy
 *(.glue_7)
 .glue_7        0x00000000080095ec        0x0 linker stubs
 *(.glue_7t)
 .glue_7t       0x00000000080095ec        0x0 linker stubs
 *(.eh_frame)
 .eh_frame      0x00000000080095ec        0x0 C:/ST/STM32CubeIDE_1.14.1/STM32CubeIDE/plugins/com.st.stm32cube.ide.mcu.externaltools.gnu-tools-for-stm32.11.3.rel1.win32_1.1.100.202309141235/tools/bin/../lib/gcc/arm-none-eabi/11.3.1/thumb/v7e-m+dp/hard/crtbegin.o
 *(.init)
 .init          0x00000000080095ec        0x4 C:/ST/STM32CubeIDE_1.14.1/STM32CubeIDE/plugins/com.st.stm32cube.ide.mcu.externaltools.gnu-tools-for-stm32.11.3.rel1.win32_1.1.100.202309141235/tools/bin/../lib/gcc/arm-none-eabi/11.3.1/thumb/v7e-m+dp/hard/crti.o
                0x00000000080095ec                _init
 .init          0x00000000080095f0        0x8 C:/ST/STM32CubeIDE_1.14.1/STM32CubeIDE/plugins/com.st.stm32cube.ide.mcu.externaltools.gnu-tools-for-stm32.11.3.rel1.win32_1.1.100.202309141235/tools/bin/../lib/gcc/arm-none-eabi/11.3.1/thumb/v7e-m+dp/hard/crtn.o
 *(.fini)
 .fini          0x00000000080095f8        0x4 C:/ST/STM32CubeIDE_1.14.1/STM32CubeIDE/plugins/com.st.stm32cube.ide.mcu.externaltools.gnu-tools-for-stm32.11.3.rel1.win32_1.1.100.202309141235/tools/bin/../lib/gcc/arm-none-eabi/11.3.1/thumb/v7e-m+dp/hard/crti.o
                0x00000000080095f8                _fini
 .fini          0x00000000080095fc        0x8 C:/ST/STM32CubeIDE_1.14.1/STM32CubeIDE/plugins/com.st.stm32cube.ide.mcu.externaltools.gnu-tools-for-stm32.11.3.rel1.win32_1.1.100.202309141235/tools/bin/../lib/gcc/arm-none-eabi/11.3.1/thumb/v7e-m+dp/hard/crtn.o
                0x0000000008009604                . = ALIGN (0x4)
                0x0000000008009604                _etext = .

.vfp11_veneer   0x0000000008009604        0x0
 .vfp11_veneer  0x0000000008009604        0x0 linker stubs

.v4_bx          0x0000000008009604        0x0
 .v4_bx         0x0000000008009604        0x0 linker stubs

.iplt           0x0000000008009604        0x0
 .iplt          0x0000000008009604        0x0 C:/ST/STM32CubeIDE_1.14.1/STM32CubeIDE/plugins/com.st.stm32cube.ide.mcu.externaltools.gnu-tools-for-stm32.11.3.rel1.win32_1.1.100.202309141235/tools/bin/../lib/gcc/arm-none-eabi/11.3.1/thumb/v7e-m+dp/hard/crtbegin.o

.rodata         0x0000000008009604      0x21c
                0x0000000008009604                . = ALIGN (0x4)
 *(.rodata)
 .rodata        0x0000000008009604        0x4 ./protobuf/Src/STM32_led.pb.o
 .rodata        0x0000000008009608      0x1ba ./protobuf/Src/pb_decode.o
 *(.rodata*)
 *fill*         0x00000000080097c2        0x2 
 .rodata.D1CorePrescTable
                0x00000000080097c4       0x10 ./Core/Src/system_stm32h7xx.o
                0x00000000080097c4                D1CorePrescTable
 .rodata.UARTPrescTable
                0x00000000080097d4       0x18 ./Drivers/STM32H7xx_HAL_Driver/Src/stm32h7xx_hal_uart.o
                0x00000000080097d4                UARTPrescTable
 .rodata.numerator.1
                0x00000000080097ec        0x8 ./Drivers/STM32H7xx_HAL_Driver/Src/stm32h7xx_hal_uart_ex.o
 .rodata.denominator.0
                0x00000000080097f4        0x8 ./Drivers/STM32H7xx_HAL_Driver/Src/stm32h7xx_hal_uart_ex.o
 .rodata.ChangeLedStateMsg_field_info
                0x00000000080097fc        0x8 ./protobuf/Src/STM32_led.pb.o
                0x00000000080097fc                ChangeLedStateMsg_field_info
 .rodata.ChangeLedStateMsg_submsg_info
                0x0000000008009804        0x4 ./protobuf/Src/STM32_led.pb.o
                0x0000000008009804                ChangeLedStateMsg_submsg_info
 .rodata.ChangeLedStateMsg_msg
                0x0000000008009808       0x18 ./protobuf/Src/STM32_led.pb.o
                0x0000000008009808                ChangeLedStateMsg_msg
                0x0000000008009820                . = ALIGN (0x4)

.ARM.extab
 *(.ARM.extab* .gnu.linkonce.armextab.*)

.ARM            0x0000000008009820        0x8
                0x0000000008009820                __exidx_start = .
 *(.ARM.exidx*)
 .ARM.exidx     0x0000000008009820        0x8 C:/ST/STM32CubeIDE_1.14.1/STM32CubeIDE/plugins/com.st.stm32cube.ide.mcu.externaltools.gnu-tools-for-stm32.11.3.rel1.win32_1.1.100.202309141235/tools/bin/../lib/gcc/arm-none-eabi/11.3.1/thumb/v7e-m+dp/hard\libgcc.a(_udivmoddi4.o)
                0x0000000008009828                __exidx_end = .

.rel.dyn        0x0000000008009828        0x0
 .rel.iplt      0x0000000008009828        0x0 C:/ST/STM32CubeIDE_1.14.1/STM32CubeIDE/plugins/com.st.stm32cube.ide.mcu.externaltools.gnu-tools-for-stm32.11.3.rel1.win32_1.1.100.202309141235/tools/bin/../lib/gcc/arm-none-eabi/11.3.1/thumb/v7e-m+dp/hard/crtbegin.o

.preinit_array  0x0000000008009828        0x0
                0x0000000008009828                PROVIDE (__preinit_array_start = .)
 *(.preinit_array*)
                0x0000000008009828                PROVIDE (__preinit_array_end = .)

.init_array     0x0000000008009828        0x4
                0x0000000008009828                PROVIDE (__init_array_start = .)
 *(SORT_BY_NAME(.init_array.*))
 *(.init_array*)
 .init_array    0x0000000008009828        0x4 C:/ST/STM32CubeIDE_1.14.1/STM32CubeIDE/plugins/com.st.stm32cube.ide.mcu.externaltools.gnu-tools-for-stm32.11.3.rel1.win32_1.1.100.202309141235/tools/bin/../lib/gcc/arm-none-eabi/11.3.1/thumb/v7e-m+dp/hard/crtbegin.o
                0x000000000800982c                PROVIDE (__init_array_end = .)

.fini_array     0x000000000800982c        0x4
                [!provide]                        PROVIDE (__fini_array_start = .)
 *(SORT_BY_NAME(.fini_array.*))
 *(.fini_array*)
 .fini_array    0x000000000800982c        0x4 C:/ST/STM32CubeIDE_1.14.1/STM32CubeIDE/plugins/com.st.stm32cube.ide.mcu.externaltools.gnu-tools-for-stm32.11.3.rel1.win32_1.1.100.202309141235/tools/bin/../lib/gcc/arm-none-eabi/11.3.1/thumb/v7e-m+dp/hard/crtbegin.o
                [!provide]                        PROVIDE (__fini_array_end = .)
                0x0000000008009830                _sidata = LOADADDR (.data)

.data           0x0000000024000000       0x10 load address 0x0000000008009830
                0x0000000024000000                . = ALIGN (0x4)
                0x0000000024000000                _sdata = .
 *(.data)
 *(.data*)
 .data.SystemCoreClock
                0x0000000024000000        0x4 ./Core/Src/system_stm32h7xx.o
                0x0000000024000000                SystemCoreClock
 .data.SystemD2Clock
                0x0000000024000004        0x4 ./Core/Src/system_stm32h7xx.o
                0x0000000024000004                SystemD2Clock
 .data.uwTickPrio
                0x0000000024000008        0x4 ./Drivers/STM32H7xx_HAL_Driver/Src/stm32h7xx_hal.o
                0x0000000024000008                uwTickPrio
 .data.uwTickFreq
                0x000000002400000c        0x1 ./Drivers/STM32H7xx_HAL_Driver/Src/stm32h7xx_hal.o
                0x000000002400000c                uwTickFreq
 *(.RamFunc)
 *(.RamFunc*)
                0x0000000024000010                . = ALIGN (0x4)
 *fill*         0x000000002400000d        0x3 
                0x0000000024000010                _edata = .

.igot.plt       0x0000000024000010        0x0 load address 0x0000000008009840
 .igot.plt      0x0000000024000010        0x0 C:/ST/STM32CubeIDE_1.14.1/STM32CubeIDE/plugins/com.st.stm32cube.ide.mcu.externaltools.gnu-tools-for-stm32.11.3.rel1.win32_1.1.100.202309141235/tools/bin/../lib/gcc/arm-none-eabi/11.3.1/thumb/v7e-m+dp/hard/crtbegin.o
                0x0000000024000010                . = ALIGN (0x4)

.bss            0x0000000024000010       0xb8 load address 0x0000000008009840
                0x0000000024000010                _sbss = .
                0x0000000024000010                __bss_start__ = _sbss
 *(.bss)
 .bss           0x0000000024000010       0x1c C:/ST/STM32CubeIDE_1.14.1/STM32CubeIDE/plugins/com.st.stm32cube.ide.mcu.externaltools.gnu-tools-for-stm32.11.3.rel1.win32_1.1.100.202309141235/tools/bin/../lib/gcc/arm-none-eabi/11.3.1/thumb/v7e-m+dp/hard/crtbegin.o
 *(.bss*)
 .bss.huart3    0x000000002400002c       0x94 ./Core/Src/main.o
                0x000000002400002c                huart3
 .bss.uartBuffer
                0x00000000240000c0        0x2 ./Core/Src/main.o
 .bss.pbDecodeStatus
                0x00000000240000c2        0x1 ./Core/Src/main.o
 .bss.uartMsgReceived
                0x00000000240000c3        0x1 ./Core/Src/main.o
                0x00000000240000c3                uartMsgReceived
 .bss.uwTick    0x00000000240000c4        0x4 ./Drivers/STM32H7xx_HAL_Driver/Src/stm32h7xx_hal.o
                0x00000000240000c4                uwTick
 *(COMMON)
                0x00000000240000c8                . = ALIGN (0x4)
                0x00000000240000c8                _ebss = .
                0x00000000240000c8                __bss_end__ = _ebss

._user_heap_stack
                0x00000000240000c8      0x600 load address 0x0000000008009840
                0x00000000240000c8                . = ALIGN (0x8)
                [!provide]                        PROVIDE (end = .)
                0x00000000240000c8                PROVIDE (_end = .)
                0x00000000240002c8                . = (. + _Min_Heap_Size)
 *fill*         0x00000000240000c8      0x200 
                0x00000000240006c8                . = (. + _Min_Stack_Size)
 *fill*         0x00000000240002c8      0x400 
                0x00000000240006c8                . = ALIGN (0x8)

/DISCARD/
 libc.a(*)
 libm.a(*)
 libgcc.a(*)

.ARM.attributes
                0x0000000000000000       0x2e
 *(.ARM.attributes)
 .ARM.attributes
                0x0000000000000000       0x1e C:/ST/STM32CubeIDE_1.14.1/STM32CubeIDE/plugins/com.st.stm32cube.ide.mcu.externaltools.gnu-tools-for-stm32.11.3.rel1.win32_1.1.100.202309141235/tools/bin/../lib/gcc/arm-none-eabi/11.3.1/thumb/v7e-m+dp/hard/crti.o
 .ARM.attributes
                0x000000000000001e       0x32 C:/ST/STM32CubeIDE_1.14.1/STM32CubeIDE/plugins/com.st.stm32cube.ide.mcu.externaltools.gnu-tools-for-stm32.11.3.rel1.win32_1.1.100.202309141235/tools/bin/../lib/gcc/arm-none-eabi/11.3.1/thumb/v7e-m+dp/hard/crtbegin.o
 .ARM.attributes
                0x0000000000000050       0x32 ./Core/Src/main.o
 .ARM.attributes
                0x0000000000000082       0x32 ./Core/Src/stm32h7xx_hal_msp.o
 .ARM.attributes
                0x00000000000000b4       0x32 ./Core/Src/stm32h7xx_it.o
 .ARM.attributes
                0x00000000000000e6       0x32 ./Core/Src/system_stm32h7xx.o
 .ARM.attributes
                0x0000000000000118       0x21 ./Core/Startup/startup_stm32h7a3zitxq.o
 .ARM.attributes
                0x0000000000000139       0x32 ./Drivers/STM32H7xx_HAL_Driver/Src/stm32h7xx_hal.o
 .ARM.attributes
                0x000000000000016b       0x32 ./Drivers/STM32H7xx_HAL_Driver/Src/stm32h7xx_hal_cortex.o
 .ARM.attributes
                0x000000000000019d       0x32 ./Drivers/STM32H7xx_HAL_Driver/Src/stm32h7xx_hal_dma.o
 .ARM.attributes
                0x00000000000001cf       0x32 ./Drivers/STM32H7xx_HAL_Driver/Src/stm32h7xx_hal_gpio.o
 .ARM.attributes
                0x0000000000000201       0x32 ./Drivers/STM32H7xx_HAL_Driver/Src/stm32h7xx_hal_pwr_ex.o
 .ARM.attributes
                0x0000000000000233       0x32 ./Drivers/STM32H7xx_HAL_Driver/Src/stm32h7xx_hal_rcc.o
 .ARM.attributes
                0x0000000000000265       0x32 ./Drivers/STM32H7xx_HAL_Driver/Src/stm32h7xx_hal_rcc_ex.o
 .ARM.attributes
                0x0000000000000297       0x32 ./Drivers/STM32H7xx_HAL_Driver/Src/stm32h7xx_hal_uart.o
 .ARM.attributes
                0x00000000000002c9       0x32 ./Drivers/STM32H7xx_HAL_Driver/Src/stm32h7xx_hal_uart_ex.o
 .ARM.attributes
                0x00000000000002fb       0x32 ./protobuf/Src/STM32_led.pb.o
 .ARM.attributes
                0x000000000000032d       0x32 ./protobuf/Src/pb_common.o
 .ARM.attributes
                0x000000000000035f       0x32 ./protobuf/Src/pb_decode.o
 .ARM.attributes
                0x0000000000000391       0x32 C:/ST/STM32CubeIDE_1.14.1/STM32CubeIDE/plugins/com.st.stm32cube.ide.mcu.externaltools.gnu-tools-for-stm32.11.3.rel1.win32_1.1.100.202309141235/tools/bin/../lib/gcc/arm-none-eabi/11.3.1/../../../../arm-none-eabi/lib/thumb/v7e-m+dp/hard\libc_nano.a(libc_a-memset.o)
 .ARM.attributes
                0x00000000000003c3       0x32 C:/ST/STM32CubeIDE_1.14.1/STM32CubeIDE/plugins/com.st.stm32cube.ide.mcu.externaltools.gnu-tools-for-stm32.11.3.rel1.win32_1.1.100.202309141235/tools/bin/../lib/gcc/arm-none-eabi/11.3.1/../../../../arm-none-eabi/lib/thumb/v7e-m+dp/hard\libc_nano.a(libc_a-init.o)
 .ARM.attributes
                0x00000000000003f5       0x32 C:/ST/STM32CubeIDE_1.14.1/STM32CubeIDE/plugins/com.st.stm32cube.ide.mcu.externaltools.gnu-tools-for-stm32.11.3.rel1.win32_1.1.100.202309141235/tools/bin/../lib/gcc/arm-none-eabi/11.3.1/../../../../arm-none-eabi/lib/thumb/v7e-m+dp/hard\libc_nano.a(libc_a-memcpy-stub.o)
 .ARM.attributes
                0x0000000000000427       0x1e C:/ST/STM32CubeIDE_1.14.1/STM32CubeIDE/plugins/com.st.stm32cube.ide.mcu.externaltools.gnu-tools-for-stm32.11.3.rel1.win32_1.1.100.202309141235/tools/bin/../lib/gcc/arm-none-eabi/11.3.1/thumb/v7e-m+dp/hard\libgcc.a(_aeabi_uldivmod.o)
 .ARM.attributes
                0x0000000000000445       0x32 C:/ST/STM32CubeIDE_1.14.1/STM32CubeIDE/plugins/com.st.stm32cube.ide.mcu.externaltools.gnu-tools-for-stm32.11.3.rel1.win32_1.1.100.202309141235/tools/bin/../lib/gcc/arm-none-eabi/11.3.1/thumb/v7e-m+dp/hard\libgcc.a(_udivmoddi4.o)
 .ARM.attributes
                0x0000000000000477       0x1e C:/ST/STM32CubeIDE_1.14.1/STM32CubeIDE/plugins/com.st.stm32cube.ide.mcu.externaltools.gnu-tools-for-stm32.11.3.rel1.win32_1.1.100.202309141235/tools/bin/../lib/gcc/arm-none-eabi/11.3.1/thumb/v7e-m+dp/hard\libgcc.a(_dvmd_tls.o)
 .ARM.attributes
                0x0000000000000495       0x1e C:/ST/STM32CubeIDE_1.14.1/STM32CubeIDE/plugins/com.st.stm32cube.ide.mcu.externaltools.gnu-tools-for-stm32.11.3.rel1.win32_1.1.100.202309141235/tools/bin/../lib/gcc/arm-none-eabi/11.3.1/thumb/v7e-m+dp/hard/crtn.o
OUTPUT(STM32_protobuf.elf elf32-littlearm)
LOAD linker stubs
LOAD C:/ST/STM32CubeIDE_1.14.1/STM32CubeIDE/plugins/com.st.stm32cube.ide.mcu.externaltools.gnu-tools-for-stm32.11.3.rel1.win32_1.1.100.202309141235/tools/bin/../lib/gcc/arm-none-eabi/11.3.1/../../../../arm-none-eabi/lib/thumb/v7e-m+dp/hard\libc.a
LOAD C:/ST/STM32CubeIDE_1.14.1/STM32CubeIDE/plugins/com.st.stm32cube.ide.mcu.externaltools.gnu-tools-for-stm32.11.3.rel1.win32_1.1.100.202309141235/tools/bin/../lib/gcc/arm-none-eabi/11.3.1/../../../../arm-none-eabi/lib/thumb/v7e-m+dp/hard\libm.a
LOAD C:/ST/STM32CubeIDE_1.14.1/STM32CubeIDE/plugins/com.st.stm32cube.ide.mcu.externaltools.gnu-tools-for-stm32.11.3.rel1.win32_1.1.100.202309141235/tools/bin/../lib/gcc/arm-none-eabi/11.3.1/thumb/v7e-m+dp/hard\libgcc.a

.comment        0x0000000000000000       0x43
 .comment       0x0000000000000000       0x43 C:/ST/STM32CubeIDE_1.14.1/STM32CubeIDE/plugins/com.st.stm32cube.ide.mcu.externaltools.gnu-tools-for-stm32.11.3.rel1.win32_1.1.100.202309141235/tools/bin/../lib/gcc/arm-none-eabi/11.3.1/thumb/v7e-m+dp/hard/crtbegin.o
                                         0x44 (size before relaxing)
 .comment       0x0000000000000043       0x44 ./Core/Src/main.o
 .comment       0x0000000000000043       0x44 ./Core/Src/stm32h7xx_hal_msp.o
 .comment       0x0000000000000043       0x44 ./Core/Src/stm32h7xx_it.o
 .comment       0x0000000000000043       0x44 ./Core/Src/system_stm32h7xx.o
 .comment       0x0000000000000043       0x44 ./Drivers/STM32H7xx_HAL_Driver/Src/stm32h7xx_hal.o
 .comment       0x0000000000000043       0x44 ./Drivers/STM32H7xx_HAL_Driver/Src/stm32h7xx_hal_cortex.o
 .comment       0x0000000000000043       0x44 ./Drivers/STM32H7xx_HAL_Driver/Src/stm32h7xx_hal_dma.o
 .comment       0x0000000000000043       0x44 ./Drivers/STM32H7xx_HAL_Driver/Src/stm32h7xx_hal_gpio.o
 .comment       0x0000000000000043       0x44 ./Drivers/STM32H7xx_HAL_Driver/Src/stm32h7xx_hal_pwr_ex.o
 .comment       0x0000000000000043       0x44 ./Drivers/STM32H7xx_HAL_Driver/Src/stm32h7xx_hal_rcc.o
 .comment       0x0000000000000043       0x44 ./Drivers/STM32H7xx_HAL_Driver/Src/stm32h7xx_hal_rcc_ex.o
 .comment       0x0000000000000043       0x44 ./Drivers/STM32H7xx_HAL_Driver/Src/stm32h7xx_hal_uart.o
 .comment       0x0000000000000043       0x44 ./Drivers/STM32H7xx_HAL_Driver/Src/stm32h7xx_hal_uart_ex.o
 .comment       0x0000000000000043       0x44 ./protobuf/Src/STM32_led.pb.o
 .comment       0x0000000000000043       0x44 ./protobuf/Src/pb_common.o
 .comment       0x0000000000000043       0x44 ./protobuf/Src/pb_decode.o

.debug_info     0x0000000000000000    0x12686
 .debug_info    0x0000000000000000     0x1607 ./Core/Src/main.o
 .debug_info    0x0000000000001607     0x1420 ./Core/Src/stm32h7xx_hal_msp.o
 .debug_info    0x0000000000002a27      0x830 ./Core/Src/stm32h7xx_it.o
 .debug_info    0x0000000000003257      0xc73 ./Core/Src/system_stm32h7xx.o
 .debug_info    0x0000000000003eca       0x23 ./Core/Startup/startup_stm32h7a3zitxq.o
 .debug_info    0x0000000000003eed     0x13f1 ./Drivers/STM32H7xx_HAL_Driver/Src/stm32h7xx_hal.o
 .debug_info    0x00000000000052de     0x1042 ./Drivers/STM32H7xx_HAL_Driver/Src/stm32h7xx_hal_cortex.o
 .debug_info    0x0000000000006320      0xb67 ./Drivers/STM32H7xx_HAL_Driver/Src/stm32h7xx_hal_dma.o
 .debug_info    0x0000000000006e87      0xb2b ./Drivers/STM32H7xx_HAL_Driver/Src/stm32h7xx_hal_gpio.o
 .debug_info    0x00000000000079b2      0xef7 ./Drivers/STM32H7xx_HAL_Driver/Src/stm32h7xx_hal_pwr_ex.o
 .debug_info    0x00000000000088a9      0xea1 ./Drivers/STM32H7xx_HAL_Driver/Src/stm32h7xx_hal_rcc.o
 .debug_info    0x000000000000974a     0x11fd ./Drivers/STM32H7xx_HAL_Driver/Src/stm32h7xx_hal_rcc_ex.o
 .debug_info    0x000000000000a947     0x4b32 ./Drivers/STM32H7xx_HAL_Driver/Src/stm32h7xx_hal_uart.o
 .debug_info    0x000000000000f479      0xfb5 ./Drivers/STM32H7xx_HAL_Driver/Src/stm32h7xx_hal_uart_ex.o
 .debug_info    0x000000000001042e      0x358 ./protobuf/Src/STM32_led.pb.o
 .debug_info    0x0000000000010786      0x8be ./protobuf/Src/pb_common.o
 .debug_info    0x0000000000011044     0x1642 ./protobuf/Src/pb_decode.o

.debug_abbrev   0x0000000000000000     0x2685
 .debug_abbrev  0x0000000000000000      0x331 ./Core/Src/main.o
 .debug_abbrev  0x0000000000000331      0x21d ./Core/Src/stm32h7xx_hal_msp.o
 .debug_abbrev  0x000000000000054e      0x170 ./Core/Src/stm32h7xx_it.o
 .debug_abbrev  0x00000000000006be      0x14a ./Core/Src/system_stm32h7xx.o
 .debug_abbrev  0x0000000000000808       0x12 ./Core/Startup/startup_stm32h7a3zitxq.o
 .debug_abbrev  0x000000000000081a      0x291 ./Drivers/STM32H7xx_HAL_Driver/Src/stm32h7xx_hal.o
 .debug_abbrev  0x0000000000000aab      0x339 ./Drivers/STM32H7xx_HAL_Driver/Src/stm32h7xx_hal_cortex.o
 .debug_abbrev  0x0000000000000de4      0x248 ./Drivers/STM32H7xx_HAL_Driver/Src/stm32h7xx_hal_dma.o
 .debug_abbrev  0x000000000000102c      0x1fa ./Drivers/STM32H7xx_HAL_Driver/Src/stm32h7xx_hal_gpio.o
 .debug_abbrev  0x0000000000001226      0x297 ./Drivers/STM32H7xx_HAL_Driver/Src/stm32h7xx_hal_pwr_ex.o
 .debug_abbrev  0x00000000000014bd      0x2c5 ./Drivers/STM32H7xx_HAL_Driver/Src/stm32h7xx_hal_rcc.o
 .debug_abbrev  0x0000000000001782      0x27a ./Drivers/STM32H7xx_HAL_Driver/Src/stm32h7xx_hal_rcc_ex.o
 .debug_abbrev  0x00000000000019fc      0x34e ./Drivers/STM32H7xx_HAL_Driver/Src/stm32h7xx_hal_uart.o
 .debug_abbrev  0x0000000000001d4a      0x2d2 ./Drivers/STM32H7xx_HAL_Driver/Src/stm32h7xx_hal_uart_ex.o
 .debug_abbrev  0x000000000000201c      0x11d ./protobuf/Src/STM32_led.pb.o
 .debug_abbrev  0x0000000000002139      0x249 ./protobuf/Src/pb_common.o
 .debug_abbrev  0x0000000000002382      0x303 ./protobuf/Src/pb_decode.o

.debug_aranges  0x0000000000000000      0xcb8
 .debug_aranges
                0x0000000000000000       0x60 ./Core/Src/main.o
 .debug_aranges
                0x0000000000000060       0x30 ./Core/Src/stm32h7xx_hal_msp.o
 .debug_aranges
                0x0000000000000090       0x68 ./Core/Src/stm32h7xx_it.o
 .debug_aranges
                0x00000000000000f8       0x28 ./Core/Src/system_stm32h7xx.o
 .debug_aranges
                0x0000000000000120       0x28 ./Core/Startup/startup_stm32h7a3zitxq.o
 .debug_aranges
                0x0000000000000148      0x1a0 ./Drivers/STM32H7xx_HAL_Driver/Src/stm32h7xx_hal.o
 .debug_aranges
                0x00000000000002e8      0x120 ./Drivers/STM32H7xx_HAL_Driver/Src/stm32h7xx_hal_cortex.o
 .debug_aranges
                0x0000000000000408       0xa0 ./Drivers/STM32H7xx_HAL_Driver/Src/stm32h7xx_hal_dma.o
 .debug_aranges
                0x00000000000004a8       0x58 ./Drivers/STM32H7xx_HAL_Driver/Src/stm32h7xx_hal_gpio.o
 .debug_aranges
                0x0000000000000500      0x188 ./Drivers/STM32H7xx_HAL_Driver/Src/stm32h7xx_hal_pwr_ex.o
 .debug_aranges
                0x0000000000000688       0x88 ./Drivers/STM32H7xx_HAL_Driver/Src/stm32h7xx_hal_rcc.o
 .debug_aranges
                0x0000000000000710       0xf0 ./Drivers/STM32H7xx_HAL_Driver/Src/stm32h7xx_hal_rcc_ex.o
 .debug_aranges
                0x0000000000000800      0x248 ./Drivers/STM32H7xx_HAL_Driver/Src/stm32h7xx_hal_uart.o
 .debug_aranges
                0x0000000000000a48       0xa8 ./Drivers/STM32H7xx_HAL_Driver/Src/stm32h7xx_hal_uart_ex.o
 .debug_aranges
                0x0000000000000af0       0x18 ./protobuf/Src/STM32_led.pb.o
 .debug_aranges
                0x0000000000000b08       0x70 ./protobuf/Src/pb_common.o
 .debug_aranges
                0x0000000000000b78      0x140 ./protobuf/Src/pb_decode.o

.debug_rnglists
                0x0000000000000000      0x9eb
 .debug_rnglists
                0x0000000000000000       0x46 ./Core/Src/main.o
 .debug_rnglists
                0x0000000000000046       0x20 ./Core/Src/stm32h7xx_hal_msp.o
 .debug_rnglists
                0x0000000000000066       0x49 ./Core/Src/stm32h7xx_it.o
 .debug_rnglists
                0x00000000000000af       0x1b ./Core/Src/system_stm32h7xx.o
 .debug_rnglists
                0x00000000000000ca       0x19 ./Core/Startup/startup_stm32h7a3zitxq.o
 .debug_rnglists
                0x00000000000000e3      0x137 ./Drivers/STM32H7xx_HAL_Driver/Src/stm32h7xx_hal.o
 .debug_rnglists
                0x000000000000021a       0xd4 ./Drivers/STM32H7xx_HAL_Driver/Src/stm32h7xx_hal_cortex.o
 .debug_rnglists
                0x00000000000002ee       0x82 ./Drivers/STM32H7xx_HAL_Driver/Src/stm32h7xx_hal_dma.o
 .debug_rnglists
                0x0000000000000370       0x3f ./Drivers/STM32H7xx_HAL_Driver/Src/stm32h7xx_hal_gpio.o
 .debug_rnglists
                0x00000000000003af      0x126 ./Drivers/STM32H7xx_HAL_Driver/Src/stm32h7xx_hal_pwr_ex.o
 .debug_rnglists
                0x00000000000004d5       0x68 ./Drivers/STM32H7xx_HAL_Driver/Src/stm32h7xx_hal_rcc.o
 .debug_rnglists
                0x000000000000053d       0xba ./Drivers/STM32H7xx_HAL_Driver/Src/stm32h7xx_hal_rcc_ex.o
 .debug_rnglists
                0x00000000000005f7      0x1fa ./Drivers/STM32H7xx_HAL_Driver/Src/stm32h7xx_hal_uart.o
 .debug_rnglists
                0x00000000000007f1       0x7f ./Drivers/STM32H7xx_HAL_Driver/Src/stm32h7xx_hal_uart_ex.o
 .debug_rnglists
                0x0000000000000870       0x52 ./protobuf/Src/pb_common.o
 .debug_rnglists
                0x00000000000008c2      0x129 ./protobuf/Src/pb_decode.o

.debug_macro    0x0000000000000000    0x2fc62
 .debug_macro   0x0000000000000000      0x352 ./Core/Src/main.o
 .debug_macro   0x0000000000000352      0xac0 ./Core/Src/main.o
 .debug_macro   0x0000000000000e12      0x232 ./Core/Src/main.o
 .debug_macro   0x0000000000001044       0x2e ./Core/Src/main.o
 .debug_macro   0x0000000000001072       0x42 ./Core/Src/main.o
 .debug_macro   0x00000000000010b4       0x22 ./Core/Src/main.o
 .debug_macro   0x00000000000010d6       0x8e ./Core/Src/main.o
 .debug_macro   0x0000000000001164       0x51 ./Core/Src/main.o
 .debug_macro   0x00000000000011b5      0x103 ./Core/Src/main.o
 .debug_macro   0x00000000000012b8       0x6a ./Core/Src/main.o
 .debug_macro   0x0000000000001322      0x1df ./Core/Src/main.o
 .debug_macro   0x0000000000001501       0x1c ./Core/Src/main.o
 .debug_macro   0x000000000000151d       0x22 ./Core/Src/main.o
 .debug_macro   0x000000000000153f       0xfb ./Core/Src/main.o
 .debug_macro   0x000000000000163a     0x1305 ./Core/Src/main.o
 .debug_macro   0x000000000000293f      0x11f ./Core/Src/main.o
 .debug_macro   0x0000000000002a5e       0x27 ./Core/Src/main.o
 .debug_macro   0x0000000000002a85    0x1e8d1 ./Core/Src/main.o
 .debug_macro   0x0000000000021356       0x6d ./Core/Src/main.o
 .debug_macro   0x00000000000213c3     0x3d64 ./Core/Src/main.o
 .debug_macro   0x0000000000025127      0x174 ./Core/Src/main.o
 .debug_macro   0x000000000002529b       0x61 ./Core/Src/main.o
 .debug_macro   0x00000000000252fc       0x29 ./Core/Src/main.o
 .debug_macro   0x0000000000025325       0x43 ./Core/Src/main.o
 .debug_macro   0x0000000000025368       0x34 ./Core/Src/main.o
 .debug_macro   0x000000000002539c       0x16 ./Core/Src/main.o
 .debug_macro   0x00000000000253b2       0x43 ./Core/Src/main.o
 .debug_macro   0x00000000000253f5       0x34 ./Core/Src/main.o
 .debug_macro   0x0000000000025429       0x10 ./Core/Src/main.o
 .debug_macro   0x0000000000025439       0x58 ./Core/Src/main.o
 .debug_macro   0x0000000000025491       0x8e ./Core/Src/main.o
 .debug_macro   0x000000000002551f       0x1c ./Core/Src/main.o
 .debug_macro   0x000000000002553b      0x177 ./Core/Src/main.o
 .debug_macro   0x00000000000256b2      0x369 ./Core/Src/main.o
 .debug_macro   0x0000000000025a1b      0x19b ./Core/Src/main.o
 .debug_macro   0x0000000000025bb6       0x5d ./Core/Src/main.o
 .debug_macro   0x0000000000025c13     0x24ee ./Core/Src/main.o
 .debug_macro   0x0000000000028101     0x103a ./Core/Src/main.o
 .debug_macro   0x000000000002913b      0x154 ./Core/Src/main.o
 .debug_macro   0x000000000002928f      0x114 ./Core/Src/main.o
 .debug_macro   0x00000000000293a3      0x3bf ./Core/Src/main.o
 .debug_macro   0x0000000000029762       0xac ./Core/Src/main.o
 .debug_macro   0x000000000002980e      0x70a ./Core/Src/main.o
 .debug_macro   0x0000000000029f18      0x20c ./Core/Src/main.o
 .debug_macro   0x000000000002a124       0x66 ./Core/Src/main.o
 .debug_macro   0x000000000002a18a      0x3c9 ./Core/Src/main.o
 .debug_macro   0x000000000002a553      0x3eb ./Core/Src/main.o
 .debug_macro   0x000000000002a93e      0x275 ./Core/Src/main.o
 .debug_macro   0x000000000002abb3      0x6c8 ./Core/Src/main.o
 .debug_macro   0x000000000002b27b      0x520 ./Core/Src/main.o
 .debug_macro   0x000000000002b79b       0x58 ./Core/Src/main.o
 .debug_macro   0x000000000002b7f3       0x4a ./Core/Src/main.o
 .debug_macro   0x000000000002b83d      0x22c ./Core/Src/main.o
 .debug_macro   0x000000000002ba69       0x67 ./Core/Src/main.o
 .debug_macro   0x000000000002bad0       0xa5 ./Core/Src/main.o
 .debug_macro   0x000000000002bb75      0x1bd ./Core/Src/main.o
 .debug_macro   0x000000000002bd32      0x2dc ./Core/Src/main.o
 .debug_macro   0x000000000002c00e       0x35 ./Core/Src/main.o
 .debug_macro   0x000000000002c043      0x693 ./Core/Src/main.o
 .debug_macro   0x000000000002c6d6       0xa6 ./Core/Src/main.o
 .debug_macro   0x000000000002c77c      0x5be ./Core/Src/main.o
 .debug_macro   0x000000000002cd3a       0xc4 ./Core/Src/main.o
 .debug_macro   0x000000000002cdfe       0x10 ./Core/Src/main.o
 .debug_macro   0x000000000002ce0e       0x22 ./Core/Src/main.o
 .debug_macro   0x000000000002ce30       0x16 ./Core/Src/main.o
 .debug_macro   0x000000000002ce46       0x35 ./Core/Src/main.o
 .debug_macro   0x000000000002ce7b       0x20 ./Core/Src/main.o
 .debug_macro   0x000000000002ce9b       0x7c ./Core/Src/main.o
 .debug_macro   0x000000000002cf17       0x17 ./Core/Src/main.o
 .debug_macro   0x000000000002cf2e      0x118 ./Core/Src/main.o
 .debug_macro   0x000000000002d046      0x660 ./Core/Src/main.o
 .debug_macro   0x000000000002d6a6       0x34 ./Core/Src/main.o
 .debug_macro   0x000000000002d6da       0x3a ./Core/Src/main.o
 .debug_macro   0x000000000002d714      0x2a3 ./Core/Src/stm32h7xx_hal_msp.o
 .debug_macro   0x000000000002d9b7      0x2ad ./Core/Src/stm32h7xx_it.o
 .debug_macro   0x000000000002dc64      0x294 ./Core/Src/system_stm32h7xx.o
 .debug_macro   0x000000000002def8      0x2be ./Drivers/STM32H7xx_HAL_Driver/Src/stm32h7xx_hal.o
 .debug_macro   0x000000000002e1b6      0x294 ./Drivers/STM32H7xx_HAL_Driver/Src/stm32h7xx_hal_cortex.o
 .debug_macro   0x000000000002e44a      0x2e8 ./Drivers/STM32H7xx_HAL_Driver/Src/stm32h7xx_hal_dma.o
 .debug_macro   0x000000000002e732      0x29b ./Drivers/STM32H7xx_HAL_Driver/Src/stm32h7xx_hal_gpio.o
 .debug_macro   0x000000000002e9cd      0x2cd ./Drivers/STM32H7xx_HAL_Driver/Src/stm32h7xx_hal_pwr_ex.o
 .debug_macro   0x000000000002ec9a      0x2b8 ./Drivers/STM32H7xx_HAL_Driver/Src/stm32h7xx_hal_rcc.o
 .debug_macro   0x000000000002ef52      0x2b2 ./Drivers/STM32H7xx_HAL_Driver/Src/stm32h7xx_hal_rcc_ex.o
 .debug_macro   0x000000000002f204      0x2bf ./Drivers/STM32H7xx_HAL_Driver/Src/stm32h7xx_hal_uart.o
 .debug_macro   0x000000000002f4c3      0x2a0 ./Drivers/STM32H7xx_HAL_Driver/Src/stm32h7xx_hal_uart_ex.o
 .debug_macro   0x000000000002f763      0x19c ./protobuf/Src/STM32_led.pb.o
 .debug_macro   0x000000000002f8ff       0x10 ./protobuf/Src/STM32_led.pb.o
 .debug_macro   0x000000000002f90f      0x197 ./protobuf/Src/pb_common.o
 .debug_macro   0x000000000002faa6      0x1bc ./protobuf/Src/pb_decode.o

.debug_line     0x0000000000000000    0x13617
 .debug_line    0x0000000000000000      0xcbf ./Core/Src/main.o
 .debug_line    0x0000000000000cbf      0x918 ./Core/Src/stm32h7xx_hal_msp.o
 .debug_line    0x00000000000015d7      0x98f ./Core/Src/stm32h7xx_it.o
 .debug_line    0x0000000000001f66      0xa59 ./Core/Src/system_stm32h7xx.o
 .debug_line    0x00000000000029bf       0x7a ./Core/Startup/startup_stm32h7a3zitxq.o
 .debug_line    0x0000000000002a39      0xe6c ./Drivers/STM32H7xx_HAL_Driver/Src/stm32h7xx_hal.o
 .debug_line    0x00000000000038a5      0xe68 ./Drivers/STM32H7xx_HAL_Driver/Src/stm32h7xx_hal_cortex.o
 .debug_line    0x000000000000470d     0x28dd ./Drivers/STM32H7xx_HAL_Driver/Src/stm32h7xx_hal_dma.o
 .debug_line    0x0000000000006fea      0xd25 ./Drivers/STM32H7xx_HAL_Driver/Src/stm32h7xx_hal_gpio.o
 .debug_line    0x0000000000007d0f      0xff0 ./Drivers/STM32H7xx_HAL_Driver/Src/stm32h7xx_hal_pwr_ex.o
 .debug_line    0x0000000000008cff     0x13bd ./Drivers/STM32H7xx_HAL_Driver/Src/stm32h7xx_hal_rcc.o
 .debug_line    0x000000000000a0bc     0x1c3b ./Drivers/STM32H7xx_HAL_Driver/Src/stm32h7xx_hal_rcc_ex.o
 .debug_line    0x000000000000bcf7     0x3f16 ./Drivers/STM32H7xx_HAL_Driver/Src/stm32h7xx_hal_uart.o
 .debug_line    0x000000000000fc0d      0xf00 ./Drivers/STM32H7xx_HAL_Driver/Src/stm32h7xx_hal_uart_ex.o
 .debug_line    0x0000000000010b0d      0x71a ./protobuf/Src/STM32_led.pb.o
 .debug_line    0x0000000000011227      0xafd ./protobuf/Src/pb_common.o
 .debug_line    0x0000000000011d24     0x18f3 ./protobuf/Src/pb_decode.o

.debug_str      0x0000000000000000   0x138896
 .debug_str     0x0000000000000000   0x1341c5 ./Core/Src/main.o
                                     0x134804 (size before relaxing)
 .debug_str     0x00000000001341c5      0xa74 ./Core/Src/stm32h7xx_hal_msp.o
                                     0x12f903 (size before relaxing)
 .debug_str     0x0000000000134c39       0xef ./Core/Src/stm32h7xx_it.o
                                     0x12eb0b (size before relaxing)
 .debug_str     0x0000000000134d28      0x30e ./Core/Src/system_stm32h7xx.o
                                     0x12e6ea (size before relaxing)
 .debug_str     0x0000000000135036       0x35 ./Core/Startup/startup_stm32h7a3zitxq.o
                                         0xaf (size before relaxing)
 .debug_str     0x000000000013506b      0x7f7 ./Drivers/STM32H7xx_HAL_Driver/Src/stm32h7xx_hal.o
                                     0x12f5be (size before relaxing)
 .debug_str     0x0000000000135862      0x329 ./Drivers/STM32H7xx_HAL_Driver/Src/stm32h7xx_hal_cortex.o
                                     0x12efce (size before relaxing)
 .debug_str     0x0000000000135b8b      0x8f6 ./Drivers/STM32H7xx_HAL_Driver/Src/stm32h7xx_hal_dma.o
                                     0x12ee19 (size before relaxing)
 .debug_str     0x0000000000136481       0xec ./Drivers/STM32H7xx_HAL_Driver/Src/stm32h7xx_hal_gpio.o
                                     0x12e69b (size before relaxing)
 .debug_str     0x000000000013656d      0x756 ./Drivers/STM32H7xx_HAL_Driver/Src/stm32h7xx_hal_pwr_ex.o
                                     0x12ec20 (size before relaxing)
 .debug_str     0x0000000000136cc3      0x22e ./Drivers/STM32H7xx_HAL_Driver/Src/stm32h7xx_hal_rcc.o
                                     0x12eac3 (size before relaxing)
 .debug_str     0x0000000000136ef1      0x623 ./Drivers/STM32H7xx_HAL_Driver/Src/stm32h7xx_hal_rcc_ex.o
                                     0x12ef58 (size before relaxing)
 .debug_str     0x0000000000137514      0x9a3 ./Drivers/STM32H7xx_HAL_Driver/Src/stm32h7xx_hal_uart.o
                                     0x12f5f3 (size before relaxing)
 .debug_str     0x0000000000137eb7      0x26d ./Drivers/STM32H7xx_HAL_Driver/Src/stm32h7xx_hal_uart_ex.o
                                     0x12eb92 (size before relaxing)
 .debug_str     0x0000000000138124       0x5a ./protobuf/Src/STM32_led.pb.o
                                       0xc6e4 (size before relaxing)
 .debug_str     0x000000000013817e      0x297 ./protobuf/Src/pb_common.o
                                       0xc75d (size before relaxing)
 .debug_str     0x0000000000138415      0x481 ./protobuf/Src/pb_decode.o
                                       0xcd30 (size before relaxing)

.debug_frame    0x0000000000000000     0x3438
 .debug_frame   0x0000000000000000      0x138 ./Core/Src/main.o
 .debug_frame   0x0000000000000138       0x84 ./Core/Src/stm32h7xx_hal_msp.o
 .debug_frame   0x00000000000001bc      0x120 ./Core/Src/stm32h7xx_it.o
 .debug_frame   0x00000000000002dc       0x58 ./Core/Src/system_stm32h7xx.o
 .debug_frame   0x0000000000000334      0x6a8 ./Drivers/STM32H7xx_HAL_Driver/Src/stm32h7xx_hal.o
 .debug_frame   0x00000000000009dc      0x4b8 ./Drivers/STM32H7xx_HAL_Driver/Src/stm32h7xx_hal_cortex.o
 .debug_frame   0x0000000000000e94      0x2b4 ./Drivers/STM32H7xx_HAL_Driver/Src/stm32h7xx_hal_dma.o
 .debug_frame   0x0000000000001148      0x14c ./Drivers/STM32H7xx_HAL_Driver/Src/stm32h7xx_hal_gpio.o
 .debug_frame   0x0000000000001294      0x660 ./Drivers/STM32H7xx_HAL_Driver/Src/stm32h7xx_hal_pwr_ex.o
 .debug_frame   0x00000000000018f4      0x1fc ./Drivers/STM32H7xx_HAL_Driver/Src/stm32h7xx_hal_rcc.o
 .debug_frame   0x0000000000001af0      0x3ec ./Drivers/STM32H7xx_HAL_Driver/Src/stm32h7xx_hal_rcc_ex.o
 .debug_frame   0x0000000000001edc      0xa94 ./Drivers/STM32H7xx_HAL_Driver/Src/stm32h7xx_hal_uart.o
 .debug_frame   0x0000000000002970      0x2c0 ./Drivers/STM32H7xx_HAL_Driver/Src/stm32h7xx_hal_uart_ex.o
 .debug_frame   0x0000000000002c30      0x1a8 ./protobuf/Src/pb_common.o
 .debug_frame   0x0000000000002dd8      0x58c ./protobuf/Src/pb_decode.o
 .debug_frame   0x0000000000003364       0x20 C:/ST/STM32CubeIDE_1.14.1/STM32CubeIDE/plugins/com.st.stm32cube.ide.mcu.externaltools.gnu-tools-for-stm32.11.3.rel1.win32_1.1.100.202309141235/tools/bin/../lib/gcc/arm-none-eabi/11.3.1/../../../../arm-none-eabi/lib/thumb/v7e-m+dp/hard\libc_nano.a(libc_a-memset.o)
 .debug_frame   0x0000000000003384       0x2c C:/ST/STM32CubeIDE_1.14.1/STM32CubeIDE/plugins/com.st.stm32cube.ide.mcu.externaltools.gnu-tools-for-stm32.11.3.rel1.win32_1.1.100.202309141235/tools/bin/../lib/gcc/arm-none-eabi/11.3.1/../../../../arm-none-eabi/lib/thumb/v7e-m+dp/hard\libc_nano.a(libc_a-init.o)
 .debug_frame   0x00000000000033b0       0x28 C:/ST/STM32CubeIDE_1.14.1/STM32CubeIDE/plugins/com.st.stm32cube.ide.mcu.externaltools.gnu-tools-for-stm32.11.3.rel1.win32_1.1.100.202309141235/tools/bin/../lib/gcc/arm-none-eabi/11.3.1/../../../../arm-none-eabi/lib/thumb/v7e-m+dp/hard\libc_nano.a(libc_a-memcpy-stub.o)
 .debug_frame   0x00000000000033d8       0x2c C:/ST/STM32CubeIDE_1.14.1/STM32CubeIDE/plugins/com.st.stm32cube.ide.mcu.externaltools.gnu-tools-for-stm32.11.3.rel1.win32_1.1.100.202309141235/tools/bin/../lib/gcc/arm-none-eabi/11.3.1/thumb/v7e-m+dp/hard\libgcc.a(_aeabi_uldivmod.o)
 .debug_frame   0x0000000000003404       0x34 C:/ST/STM32CubeIDE_1.14.1/STM32CubeIDE/plugins/com.st.stm32cube.ide.mcu.externaltools.gnu-tools-for-stm32.11.3.rel1.win32_1.1.100.202309141235/tools/bin/../lib/gcc/arm-none-eabi/11.3.1/thumb/v7e-m+dp/hard\libgcc.a(_udivmoddi4.o)

.debug_line_str
                0x0000000000000000       0xa3
 .debug_line_str
                0x0000000000000000       0xa3 ./Core/Startup/startup_stm32h7a3zitxq.o
                                         0xbc (size before relaxing)
