Archive member included to satisfy reference by file (symbol)

C:/ST/STM32CubeIDE_1.14.1/STM32CubeIDE/plugins/com.st.stm32cube.ide.mcu.externaltools.gnu-tools-for-stm32.11.3.rel1.win32_1.1.100.202309141235/tools/bin/../lib/gcc/arm-none-eabi/11.3.1/../../../../arm-none-eabi/lib/thumb/v7e-m+dp/hard\libc_nano.a(libc_a-exit.o)
                              C:/ST/STM32CubeIDE_1.14.1/STM32CubeIDE/plugins/com.st.stm32cube.ide.mcu.externaltools.gnu-tools-for-stm32.11.3.rel1.win32_1.1.100.202309141235/tools/bin/../lib/gcc/arm-none-eabi/11.3.1/../../../../arm-none-eabi/lib/thumb/v7e-m+dp/hard/crt0.o (exit)
C:/ST/STM32CubeIDE_1.14.1/STM32CubeIDE/plugins/com.st.stm32cube.ide.mcu.externaltools.gnu-tools-for-stm32.11.3.rel1.win32_1.1.100.202309141235/tools/bin/../lib/gcc/arm-none-eabi/11.3.1/../../../../arm-none-eabi/lib/thumb/v7e-m+dp/hard\libc_nano.a(libc_a-findfp.o)
                              C:/ST/STM32CubeIDE_1.14.1/STM32CubeIDE/plugins/com.st.stm32cube.ide.mcu.externaltools.gnu-tools-for-stm32.11.3.rel1.win32_1.1.100.202309141235/tools/bin/../lib/gcc/arm-none-eabi/11.3.1/../../../../arm-none-eabi/lib/thumb/v7e-m+dp/hard\libc_nano.a(libc_a-exit.o) (__stdio_exit_handler)
C:/ST/STM32CubeIDE_1.14.1/STM32CubeIDE/plugins/com.st.stm32cube.ide.mcu.externaltools.gnu-tools-for-stm32.11.3.rel1.win32_1.1.100.202309141235/tools/bin/../lib/gcc/arm-none-eabi/11.3.1/../../../../arm-none-eabi/lib/thumb/v7e-m+dp/hard\libc_nano.a(libc_a-fwalk.o)
                              C:/ST/STM32CubeIDE_1.14.1/STM32CubeIDE/plugins/com.st.stm32cube.ide.mcu.externaltools.gnu-tools-for-stm32.11.3.rel1.win32_1.1.100.202309141235/tools/bin/../lib/gcc/arm-none-eabi/11.3.1/../../../../arm-none-eabi/lib/thumb/v7e-m+dp/hard\libc_nano.a(libc_a-findfp.o) (_fwalk_sglue)
C:/ST/STM32CubeIDE_1.14.1/STM32CubeIDE/plugins/com.st.stm32cube.ide.mcu.externaltools.gnu-tools-for-stm32.11.3.rel1.win32_1.1.100.202309141235/tools/bin/../lib/gcc/arm-none-eabi/11.3.1/../../../../arm-none-eabi/lib/thumb/v7e-m+dp/hard\libc_nano.a(libc_a-stdio.o)
                              C:/ST/STM32CubeIDE_1.14.1/STM32CubeIDE/plugins/com.st.stm32cube.ide.mcu.externaltools.gnu-tools-for-stm32.11.3.rel1.win32_1.1.100.202309141235/tools/bin/../lib/gcc/arm-none-eabi/11.3.1/../../../../arm-none-eabi/lib/thumb/v7e-m+dp/hard\libc_nano.a(libc_a-findfp.o) (__sread)
C:/ST/STM32CubeIDE_1.14.1/STM32CubeIDE/plugins/com.st.stm32cube.ide.mcu.externaltools.gnu-tools-for-stm32.11.3.rel1.win32_1.1.100.202309141235/tools/bin/../lib/gcc/arm-none-eabi/11.3.1/../../../../arm-none-eabi/lib/thumb/v7e-m+dp/hard\libc_nano.a(libc_a-memset.o)
                              C:/ST/STM32CubeIDE_1.14.1/STM32CubeIDE/plugins/com.st.stm32cube.ide.mcu.externaltools.gnu-tools-for-stm32.11.3.rel1.win32_1.1.100.202309141235/tools/bin/../lib/gcc/arm-none-eabi/11.3.1/../../../../arm-none-eabi/lib/thumb/v7e-m+dp/hard/crt0.o (memset)
C:/ST/STM32CubeIDE_1.14.1/STM32CubeIDE/plugins/com.st.stm32cube.ide.mcu.externaltools.gnu-tools-for-stm32.11.3.rel1.win32_1.1.100.202309141235/tools/bin/../lib/gcc/arm-none-eabi/11.3.1/../../../../arm-none-eabi/lib/thumb/v7e-m+dp/hard\libc_nano.a(libc_a-closer.o)
                              C:/ST/STM32CubeIDE_1.14.1/STM32CubeIDE/plugins/com.st.stm32cube.ide.mcu.externaltools.gnu-tools-for-stm32.11.3.rel1.win32_1.1.100.202309141235/tools/bin/../lib/gcc/arm-none-eabi/11.3.1/../../../../arm-none-eabi/lib/thumb/v7e-m+dp/hard\libc_nano.a(libc_a-stdio.o) (_close_r)
C:/ST/STM32CubeIDE_1.14.1/STM32CubeIDE/plugins/com.st.stm32cube.ide.mcu.externaltools.gnu-tools-for-stm32.11.3.rel1.win32_1.1.100.202309141235/tools/bin/../lib/gcc/arm-none-eabi/11.3.1/../../../../arm-none-eabi/lib/thumb/v7e-m+dp/hard\libc_nano.a(libc_a-reent.o)
                              C:/ST/STM32CubeIDE_1.14.1/STM32CubeIDE/plugins/com.st.stm32cube.ide.mcu.externaltools.gnu-tools-for-stm32.11.3.rel1.win32_1.1.100.202309141235/tools/bin/../lib/gcc/arm-none-eabi/11.3.1/../../../../arm-none-eabi/lib/thumb/v7e-m+dp/hard\libc_nano.a(libc_a-closer.o) (errno)
C:/ST/STM32CubeIDE_1.14.1/STM32CubeIDE/plugins/com.st.stm32cube.ide.mcu.externaltools.gnu-tools-for-stm32.11.3.rel1.win32_1.1.100.202309141235/tools/bin/../lib/gcc/arm-none-eabi/11.3.1/../../../../arm-none-eabi/lib/thumb/v7e-m+dp/hard\libc_nano.a(libc_a-impure.o)
                              C:/ST/STM32CubeIDE_1.14.1/STM32CubeIDE/plugins/com.st.stm32cube.ide.mcu.externaltools.gnu-tools-for-stm32.11.3.rel1.win32_1.1.100.202309141235/tools/bin/../lib/gcc/arm-none-eabi/11.3.1/../../../../arm-none-eabi/lib/thumb/v7e-m+dp/hard\libc_nano.a(libc_a-reent.o) (_impure_ptr)
C:/ST/STM32CubeIDE_1.14.1/STM32CubeIDE/plugins/com.st.stm32cube.ide.mcu.externaltools.gnu-tools-for-stm32.11.3.rel1.win32_1.1.100.202309141235/tools/bin/../lib/gcc/arm-none-eabi/11.3.1/../../../../arm-none-eabi/lib/thumb/v7e-m+dp/hard\libc_nano.a(libc_a-lseekr.o)
[...]
Memory Configuration

Name             Origin             Length             Attributes
ITCMRAM          0x0000000000000000 0x0000000000010000 xrw
FLASH            0x0000000008000000 0x0000000000200000 xr
DTCMRAM1         0x0000000020000000 0x0000000000010000 xrw
DTCMRAM2         0x0000000020010000 0x0000000000010000 xrw
RAM              0x0000000024000000 0x0000000000100000 xrw
RAM_CD           0x0000000030000000 0x0000000000020000 xrw
RAM_SRD          0x0000000038000000 0x0000000000008000 xrw
*default*        0x0000000000000000 0xffffffffffffffff

Linker script and memory map

LOAD C:/ST/STM32CubeIDE_1.14.1/STM32CubeIDE/plugins/com.st.stm32cube.ide.mcu.externaltools.gnu-tools-for-stm32.11.3.rel1.win32_1.1.100.202309141235/tools/bin/../lib/gcc/arm-none-eabi/11.3.1/thumb/v7e-m+dp/hard/crti.o
LOAD C:/ST/STM32CubeIDE_1.14.1/STM32CubeIDE/plugins/com.st.stm32cube.ide.mcu.externaltools.gnu-tools-for-stm32.11.3.rel1.win32_1.1.100.202309141235/tools/bin/../lib/gcc/arm-none-eabi/11.3.1/thumb/v7e-m+dp/hard/crtbegin.o
LOAD C:/ST/STM32CubeIDE_1.14.1/STM32CubeIDE/plugins/com.st.stm32cube.ide.mcu.externaltools.gnu-tools-for-stm32.11.3.rel1.win32_1.1.100.202309141235/tools/bin/../lib/gcc/arm-none-eabi/11.3.1/../../../../arm-none-eabi/lib/thumb/v7e-m+dp/hard/crt0.o
LOAD ./Core/Src/main.o
LOAD ./Core/Src/process_protobuf.o
LOAD ./Core/Src/stm32h7xx_hal_msp.o
LOAD ./Core/Src/stm32h7xx_it.o
LOAD ./Core/Src/syscalls.o
LOAD ./Core/Src/sysmem.o
LOAD ./Core/Src/system_stm32h7xx.o
LOAD ./Core/Startup/startup_stm32h7a3zitxq.o
LOAD ./Drivers/STM32H7xx_HAL_Driver/Src/stm32h7xx_hal.o
LOAD ./Drivers/STM32H7xx_HAL_Driver/Src/stm32h7xx_hal_cortex.o
LOAD ./Drivers/STM32H7xx_HAL_Driver/Src/stm32h7xx_hal_dma.o
LOAD ./Drivers/STM32H7xx_HAL_Driver/Src/stm32h7xx_hal_dma_ex.o
LOAD ./Drivers/STM32H7xx_HAL_Driver/Src/stm32h7xx_hal_exti.o
LOAD ./Drivers/STM32H7xx_HAL_Driver/Src/stm32h7xx_hal_flash.o
LOAD ./Drivers/STM32H7xx_HAL_Driver/Src/stm32h7xx_hal_flash_ex.o
LOAD ./Drivers/STM32H7xx_HAL_Driver/Src/stm32h7xx_hal_gpio.o
LOAD ./Drivers/STM32H7xx_HAL_Driver/Src/stm32h7xx_hal_hsem.o
LOAD ./Drivers/STM32H7xx_HAL_Driver/Src/stm32h7xx_hal_i2c.o
LOAD ./Drivers/STM32H7xx_HAL_Driver/Src/stm32h7xx_hal_i2c_ex.o
LOAD ./Drivers/STM32H7xx_HAL_Driver/Src/stm32h7xx_hal_mdma.o
LOAD ./Drivers/STM32H7xx_HAL_Driver/Src/stm32h7xx_hal_pwr.o
LOAD ./Drivers/STM32H7xx_HAL_Driver/Src/stm32h7xx_hal_pwr_ex.o
LOAD ./Drivers/STM32H7xx_HAL_Driver/Src/stm32h7xx_hal_rcc.o
LOAD ./Drivers/STM32H7xx_HAL_Driver/Src/stm32h7xx_hal_rcc_ex.o
LOAD ./Drivers/STM32H7xx_HAL_Driver/Src/stm32h7xx_hal_tim.o
LOAD ./Drivers/STM32H7xx_HAL_Driver/Src/stm32h7xx_hal_tim_ex.o
LOAD ./Drivers/STM32H7xx_HAL_Driver/Src/stm32h7xx_hal_uart.o
LOAD ./Drivers/STM32H7xx_HAL_Driver/Src/stm32h7xx_hal_uart_ex.o
LOAD ./protobuf/Src/STM32_led.pb.o
LOAD ./protobuf/Src/pb_common.o
LOAD ./protobuf/Src/pb_decode.o
START GROUP
LOAD C:/ST/STM32CubeIDE_1.14.1/STM32CubeIDE/plugins/com.st.stm32cube.ide.mcu.externaltools.gnu-tools-for-stm32.11.3.rel1.win32_1.1.100.202309141235/tools/bin/../lib/gcc/arm-none-eabi/11.3.1/../../../../arm-none-eabi/lib/thumb/v7e-m+dp/hard\libc_nano.a
LOAD C:/ST/STM32CubeIDE_1.14.1/STM32CubeIDE/plugins/com.st.stm32cube.ide.mcu.externaltools.gnu-tools-for-stm32.11.3.rel1.win32_1.1.100.202309141235/tools/bin/../lib/gcc/arm-none-eabi/11.3.1/../../../../arm-none-eabi/lib/thumb/v7e-m+dp/hard\libm.a
END GROUP
START GROUP
LOAD C:/ST/STM32CubeIDE_1.14.1/STM32CubeIDE/plugins/com.st.stm32cube.ide.mcu.externaltools.gnu-tools-for-stm32.11.3.rel1.win32_1.1.100.202309141235/tools/bin/../lib/gcc/arm-none-eabi/11.3.1/thumb/v7e-m+dp/hard\libgcc.a
LOAD C:/ST/STM32CubeIDE_1.14.1/STM32CubeIDE/plugins/com.st.stm32cube.ide.mcu.externaltools.gnu-tools-for-stm32.11.3.rel1.win32_1.1.100.202309141235/tools/bin/../lib/gcc/arm-none-eabi/11.3.1/../../../../arm-none-eabi/lib/thumb/v7e-m+dp/hard\libc_nano.a
END GROUP
START GROUP
LOAD C:/ST/STM32CubeIDE_1.14.1/STM32CubeIDE/plugins/com.st.stm32cube.ide.mcu.externaltools.gnu-tools-for-stm32.11.3.rel1.win32_1.1.100.202309141235/tools/bin/../lib/gcc/arm-none-eabi/11.3.1/thumb/v7e-m+dp/hard\libgcc.a
LOAD C:/ST/STM32CubeIDE_1.14.1/STM32CubeIDE/plugins/com.st.stm32cube.ide.mcu.externaltools.gnu-tools-for-stm32.11.3.rel1.win32_1.1.100.202309141235/tools/bin/../lib/gcc/arm-none-eabi/11.3.1/../../../../arm-none-eabi/lib/thumb/v7e-m+dp/hard\libc_nano.a
LOAD C:/ST/STM32CubeIDE_1.14.1/STM32CubeIDE/plugins/com.st.stm32cube.ide.mcu.externaltools.gnu-tools-for-stm32.11.3.rel1.win32_1.1.100.202309141235/tools/bin/../lib/gcc/arm-none-eabi/11.3.1/../../../../arm-none-eabi/lib/thumb/v7e-m+dp/hard\libnosys.a
END GROUP
START GROUP
LOAD C:/ST/STM32CubeIDE_1.14.1/STM32CubeIDE/plugins/com.st.stm32cube.ide.mcu.externaltools.gnu-tools-for-stm32.11.3.rel1.win32_1.1.100.202309141235/tools/bin/../lib/gcc/arm-none-eabi/11.3.1/thumb/v7e-m+dp/hard\libgcc.a
LOAD C:/ST/STM32CubeIDE_1.14.1/STM32CubeIDE/plugins/com.st.stm32cube.ide.mcu.externaltools.gnu-tools-for-stm32.11.3.rel1.win32_1.1.100.202309141235/tools/bin/../lib/gcc/arm-none-eabi/11.3.1/../../../../arm-none-eabi/lib/thumb/v7e-m+dp/hard\libc_nano.a
LOAD C:/ST/STM32CubeIDE_1.14.1/STM32CubeIDE/plugins/com.st.stm32cube.ide.mcu.externaltools.gnu-tools-for-stm32.11.3.rel1.win32_1.1.100.202309141235/tools/bin/../lib/gcc/arm-none-eabi/11.3.1/../../../../arm-none-eabi/lib/thumb/v7e-m+dp/hard\libnosys.a
END GROUP
LOAD C:/ST/STM32CubeIDE_1.14.1/STM32CubeIDE/plugins/com.st.stm32cube.ide.mcu.externaltools.gnu-tools-for-stm32.11.3.rel1.win32_1.1.100.202309141235/tools/bin/../lib/gcc/arm-none-eabi/11.3.1/thumb/v7e-m+dp/hard/crtend.o
LOAD C:/ST/STM32CubeIDE_1.14.1/STM32CubeIDE/plugins/com.st.stm32cube.ide.mcu.externaltools.gnu-tools-for-stm32.11.3.rel1.win32_1.1.100.202309141235/tools/bin/../lib/gcc/arm-none-eabi/11.3.1/thumb/v7e-m+dp/hard/crtn.o
                0x0000000024100000                _estack = (ORIGIN (RAM) + LENGTH (RAM))
                0x0000000000000200                _Min_Heap_Size = 0x200
                0x0000000000000400                _Min_Stack_Size = 0x400

.isr_vector     0x0000000008000000      0x2ac
                0x0000000008000000                . = ALIGN (0x4)
 *(.isr_vector)
 .isr_vector    0x0000000008000000      0x2ac ./Core/Startup/startup_stm32h7a3zitxq.o
                0x0000000008000000                g_pfnVectors
                0x00000000080002ac                . = ALIGN (0x4)

.text           0x00000000080002ac     0x4860
                0x00000000080002ac                . = ALIGN (0x4)
 *(.text)
 .text          0x00000000080002ac       0x40 C:/ST/STM32CubeIDE_1.14.1/STM32CubeIDE/plugins/com.st.stm32cube.ide.mcu.externaltools.gnu-tools-for-stm32.11.3.rel1.win32_1.1.100.202309141235/tools/bin/../lib/gcc/arm-none-eabi/11.3.1/thumb/v7e-m+dp/hard/crtbegin.o
 .text          0x00000000080002ec       0x30 C:/ST/STM32CubeIDE_1.14.1/STM32CubeIDE/plugins/com.st.stm32cube.ide.mcu.externaltools.gnu-tools-for-stm32.11.3.rel1.win32_1.1.100.202309141235/tools/bin/../lib/gcc/arm-none-eabi/11.3.1/thumb/v7e-m+dp/hard\libgcc.a(_aeabi_uldivmod.o)
                0x00000000080002ec                __aeabi_uldivmod
 .text          0x000000000800031c      0x2c8 C:/ST/STM32CubeIDE_1.14.1/STM32CubeIDE/plugins/com.st.stm32cube.ide.mcu.externaltools.gnu-tools-for-stm32.11.3.rel1.win32_1.1.100.202309141235/tools/bin/../lib/gcc/arm-none-eabi/11.3.1/thumb/v7e-m+dp/hard\libgcc.a(_udivmoddi4.o)
                0x000000000800031c                __udivmoddi4
 .text          0x00000000080005e4        0x4 C:/ST/STM32CubeIDE_1.14.1/STM32CubeIDE/plugins/com.st.stm32cube.ide.mcu.externaltools.gnu-tools-for-stm32.11.3.rel1.win32_1.1.100.202309141235/tools/bin/../lib/gcc/arm-none-eabi/11.3.1/thumb/v7e-m+dp/hard\libgcc.a(_dvmd_tls.o)
                0x00000000080005e4                __aeabi_idiv0
                0x00000000080005e4                __aeabi_ldiv0
 *(.text*)
 .text.HAL_UART_RxCpltCallback
                0x00000000080005e8       0x48 ./Core/Src/main.o
                0x00000000080005e8                HAL_UART_RxCpltCallback
 .text.HAL_UART_ErrorCallback
                0x0000000008000630       0x10 ./Core/Src/main.o
                0x0000000008000630                HAL_UART_ErrorCallback
 .text.SystemClock_Config
                0x0000000008000640       0xac ./Core/Src/main.o
                0x0000000008000640                SystemClock_Config
 .text.startup.main
                0x00000000080006ec      0x220 ./Core/Src/main.o
                0x00000000080006ec                main
 .text.Error_Handler
                0x000000000800090c        0x4 ./Core/Src/main.o
                0x000000000800090c                Error_Handler
 .text.processProtobufMsg
                0x0000000008000910       0x54 ./Core/Src/process_protobuf.o
                0x0000000008000910                processProtobufMsg
 .text.HAL_MspInit
                0x0000000008000964       0x24 ./Core/Src/stm32h7xx_hal_msp.o
                0x0000000008000964                HAL_MspInit
 .text.HAL_UART_MspInit
                0x0000000008000988       0xa4 ./Core/Src/stm32h7xx_hal_msp.o
                0x0000000008000988                HAL_UART_MspInit
 .text.NMI_Handler
                0x0000000008000a2c        0x2 ./Core/Src/stm32h7xx_it.o
                0x0000000008000a2c                NMI_Handler
 .text.HardFault_Handler
                0x0000000008000a2e        0x2 ./Core/Src/stm32h7xx_it.o
                0x0000000008000a2e                HardFault_Handler
 .text.MemManage_Handler
                0x0000000008000a30        0x2 ./Core/Src/stm32h7xx_it.o
                0x0000000008000a30                MemManage_Handler
 .text.BusFault_Handler
                0x0000000008000a32        0x2 ./Core/Src/stm32h7xx_it.o
                0x0000000008000a32                BusFault_Handler
 .text.UsageFault_Handler
                0x0000000008000a34        0x2 ./Core/Src/stm32h7xx_it.o
                0x0000000008000a34                UsageFault_Handler
 .text.SVC_Handler
                0x0000000008000a36        0x2 ./Core/Src/stm32h7xx_it.o
                0x0000000008000a36                SVC_Handler
 .text.DebugMon_Handler
                0x0000000008000a38        0x2 ./Core/Src/stm32h7xx_it.o
                0x0000000008000a38                DebugMon_Handler
 .text.PendSV_Handler
                0x0000000008000a3a        0x2 ./Core/Src/stm32h7xx_it.o
                0x0000000008000a3a                PendSV_Handler
 .text.SysTick_Handler
                0x0000000008000a3c        0x4 ./Core/Src/stm32h7xx_it.o
                0x0000000008000a3c                SysTick_Handler
 .text.USART3_IRQHandler
                0x0000000008000a40        0xc ./Core/Src/stm32h7xx_it.o
                0x0000000008000a40                USART3_IRQHandler
 .text.SystemInit
                0x0000000008000a4c       0xa4 ./Core/Src/system_stm32h7xx.o
                0x0000000008000a4c                SystemInit
 .text.Reset_Handler
                0x0000000008000af0       0x50 ./Core/Startup/startup_stm32h7a3zitxq.o
                0x0000000008000af0                Reset_Handler
 .text.Default_Handler
                0x0000000008000b40        0x2 ./Core/Startup/startup_stm32h7a3zitxq.o
                0x0000000008000b40                RTC_Alarm_IRQHandler
                0x0000000008000b40                EXTI2_IRQHandler
                0x0000000008000b40                TIM8_CC_IRQHandler
                0x0000000008000b40                UART8_IRQHandler
                0x0000000008000b40                BDMA2_Channel1_IRQHandler
                0x0000000008000b40                SPI4_IRQHandler
                0x0000000008000b40                BDMA2_Channel0_IRQHandler
                0x0000000008000b40                TIM1_CC_IRQHandler
                0x0000000008000b40                DMA2_Stream5_IRQHandler
                0x0000000008000b40                JPEG_IRQHandler
                0x0000000008000b40                DMA1_Stream5_IRQHandler
                0x0000000008000b40                EXTI3_IRQHandler
                0x0000000008000b40                LPTIM4_IRQHandler
                0x0000000008000b40                TIM8_TRG_COM_TIM14_IRQHandler
                0x0000000008000b40                LPTIM2_IRQHandler
                0x0000000008000b40                DFSDM1_FLT1_IRQHandler
                0x0000000008000b40                DMAMUX2_OVR_IRQHandler
                0x0000000008000b40                GFXMMU_IRQHandler
                0x0000000008000b40                TIM8_UP_TIM13_IRQHandler
                0x0000000008000b40                I2C3_ER_IRQHandler
                0x0000000008000b40                DFSDM1_FLT2_IRQHandler
                0x0000000008000b40                USART10_IRQHandler
                0x0000000008000b40                MDMA_IRQHandler
                0x0000000008000b40                LPTIM3_IRQHandler
                0x0000000008000b40                BDMA2_Channel3_IRQHandler
                0x0000000008000b40                HSEM1_IRQHandler
                0x0000000008000b40                EXTI0_IRQHandler
                0x0000000008000b40                I2C2_EV_IRQHandler
                0x0000000008000b40                DAC2_IRQHandler
                0x0000000008000b40                DMA1_Stream2_IRQHandler
                0x0000000008000b40                FPU_IRQHandler
                0x0000000008000b40                OTG_HS_WKUP_IRQHandler
                0x0000000008000b40                FDCAN1_IT1_IRQHandler
                0x0000000008000b40                LTDC_ER_IRQHandler
                0x0000000008000b40                DMA2_Stream2_IRQHandler
                0x0000000008000b40                SPI1_IRQHandler
                0x0000000008000b40                OCTOSPI1_IRQHandler
                0x0000000008000b40                TIM6_DAC_IRQHandler
                0x0000000008000b40                BDMA2_Channel6_IRQHandler
                0x0000000008000b40                DMA2_Stream3_IRQHandler
                0x0000000008000b40                OCTOSPI2_IRQHandler
                0x0000000008000b40                SAI2_IRQHandler
                0x0000000008000b40                BDMA1_IRQHandler
                0x0000000008000b40                DFSDM1_FLT3_IRQHandler
                0x0000000008000b40                USART6_IRQHandler
                0x0000000008000b40                TIM17_IRQHandler
                0x0000000008000b40                LPTIM5_IRQHandler
                0x0000000008000b40                UART5_IRQHandler
                0x0000000008000b40                DMA2_Stream0_IRQHandler
                0x0000000008000b40                TIM4_IRQHandler
                0x0000000008000b40                I2C1_EV_IRQHandler
                0x0000000008000b40                DMA1_Stream6_IRQHandler
                0x0000000008000b40                DMAMUX1_OVR_IRQHandler
                0x0000000008000b40                DMA1_Stream1_IRQHandler
                0x0000000008000b40                TIM16_IRQHandler
                0x0000000008000b40                UART4_IRQHandler
                0x0000000008000b40                TIM3_IRQHandler
                0x0000000008000b40                RCC_IRQHandler
                0x0000000008000b40                UART9_IRQHandler
                0x0000000008000b40                TIM8_BRK_TIM12_IRQHandler
                0x0000000008000b40                TIM1_TRG_COM_IRQHandler
                0x0000000008000b40                Default_Handler
                0x0000000008000b40                ECC_IRQHandler
                0x0000000008000b40                BDMA2_Channel2_IRQHandler
                0x0000000008000b40                CEC_IRQHandler
                0x0000000008000b40                EXTI15_10_IRQHandler
                0x0000000008000b40                DFSDM1_FLT4_IRQHandler
                0x0000000008000b40                ADC_IRQHandler
                0x0000000008000b40                DMA1_Stream7_IRQHandler
                0x0000000008000b40                SPI5_IRQHandler
                0x0000000008000b40                TIM7_IRQHandler
                0x0000000008000b40                SDMMC1_IRQHandler
                0x0000000008000b40                TIM5_IRQHandler
                0x0000000008000b40                DMA2_Stream7_IRQHandler
                0x0000000008000b40                TIM15_IRQHandler
                0x0000000008000b40                I2C3_EV_IRQHandler
                0x0000000008000b40                DFSDM2_IRQHandler
                0x0000000008000b40                EXTI9_5_IRQHandler
                0x0000000008000b40                RTC_WKUP_IRQHandler
                0x0000000008000b40                LTDC_IRQHandler
                0x0000000008000b40                SPDIF_RX_IRQHandler
                0x0000000008000b40                PVD_PVM_IRQHandler
                0x0000000008000b40                SPI2_IRQHandler
                0x0000000008000b40                OTG_HS_EP1_IN_IRQHandler
                0x0000000008000b40                DFSDM1_FLT5_IRQHandler
                0x0000000008000b40                DMA1_Stream0_IRQHandler
                0x0000000008000b40                CRS_IRQHandler
                0x0000000008000b40                EXTI4_IRQHandler
                0x0000000008000b40                DFSDM1_FLT6_IRQHandler
                0x0000000008000b40                RNG_IRQHandler
                0x0000000008000b40                FDCAN2_IT1_IRQHandler
                0x0000000008000b40                COMP_IRQHandler
                0x0000000008000b40                TIM1_UP_IRQHandler
                0x0000000008000b40                OTG_HS_EP1_OUT_IRQHandler
                0x0000000008000b40                WWDG_IRQHandler
                0x0000000008000b40                SPI6_IRQHandler
                0x0000000008000b40                MDIOS_IRQHandler
                0x0000000008000b40                I2C4_EV_IRQHandler
                0x0000000008000b40                FDCAN2_IT0_IRQHandler
                0x0000000008000b40                LPUART1_IRQHandler
                0x0000000008000b40                FDCAN1_IT0_IRQHandler
                0x0000000008000b40                TIM2_IRQHandler
                0x0000000008000b40                BDMA2_Channel5_IRQHandler
                0x0000000008000b40                OTG_HS_IRQHandler
                0x0000000008000b40                DMA2D_IRQHandler
                0x0000000008000b40                TIM1_BRK_IRQHandler
                0x0000000008000b40                EXTI1_IRQHandler
                0x0000000008000b40                SDMMC2_IRQHandler
                0x0000000008000b40                DTS_IRQHandler
                0x0000000008000b40                UART7_IRQHandler
                0x0000000008000b40                MDIOS_WKUP_IRQHandler
                0x0000000008000b40                USART2_IRQHandler
                0x0000000008000b40                DFSDM1_FLT0_IRQHandler
                0x0000000008000b40                I2C2_ER_IRQHandler
                0x0000000008000b40                DMA2_Stream1_IRQHandler
                0x0000000008000b40                DFSDM1_FLT7_IRQHandler
                0x0000000008000b40                FLASH_IRQHandler
                0x0000000008000b40                DMA2_Stream4_IRQHandler
                0x0000000008000b40                USART1_IRQHandler
                0x0000000008000b40                SPI3_IRQHandler
                0x0000000008000b40                WAKEUP_PIN_IRQHandler
                0x0000000008000b40                DMA1_Stream4_IRQHandler
                0x0000000008000b40                I2C1_ER_IRQHandler
                0x0000000008000b40                FMC_IRQHandler
                0x0000000008000b40                BDMA2_Channel7_IRQHandler
                0x0000000008000b40                FDCAN_CAL_IRQHandler
                0x0000000008000b40                SWPMI1_IRQHandler
                0x0000000008000b40                LPTIM1_IRQHandler
                0x0000000008000b40                DCMI_PSSI_IRQHandler
                0x0000000008000b40                I2C4_ER_IRQHandler
                0x0000000008000b40                DMA2_Stream6_IRQHandler
                0x0000000008000b40                SAI1_IRQHandler
                0x0000000008000b40                DMA1_Stream3_IRQHandler
                0x0000000008000b40                RTC_TAMP_STAMP_CSS_LSE_IRQHandler
                0x0000000008000b40                BDMA2_Channel4_IRQHandler
 *fill*         0x0000000008000b42        0x2 
 .text.HAL_InitTick
                0x0000000008000b44       0x4c ./Drivers/STM32H7xx_HAL_Driver/Src/stm32h7xx_hal.o
                0x0000000008000b44                HAL_InitTick
 .text.HAL_Init
                0x0000000008000b90       0x5c ./Drivers/STM32H7xx_HAL_Driver/Src/stm32h7xx_hal.o
                0x0000000008000b90                HAL_Init
 .text.HAL_IncTick
                0x0000000008000bec       0x18 ./Drivers/STM32H7xx_HAL_Driver/Src/stm32h7xx_hal.o
                0x0000000008000bec                HAL_IncTick
 .text.HAL_GetTick
                0x0000000008000c04        0xc ./Drivers/STM32H7xx_HAL_Driver/Src/stm32h7xx_hal.o
                0x0000000008000c04                HAL_GetTick
 .text.HAL_NVIC_SetPriorityGrouping
                0x0000000008000c10       0x24 ./Drivers/STM32H7xx_HAL_Driver/Src/stm32h7xx_hal_cortex.o
                0x0000000008000c10                HAL_NVIC_SetPriorityGrouping
 .text.HAL_NVIC_SetPriority
                0x0000000008000c34       0x64 ./Drivers/STM32H7xx_HAL_Driver/Src/stm32h7xx_hal_cortex.o
                0x0000000008000c34                HAL_NVIC_SetPriority
 .text.HAL_NVIC_EnableIRQ
                0x0000000008000c98       0x1c ./Drivers/STM32H7xx_HAL_Driver/Src/stm32h7xx_hal_cortex.o
                0x0000000008000c98                HAL_NVIC_EnableIRQ
 .text.HAL_SYSTICK_Config
                0x0000000008000cb4       0x28 ./Drivers/STM32H7xx_HAL_Driver/Src/stm32h7xx_hal_cortex.o
                0x0000000008000cb4                HAL_SYSTICK_Config
 .text.HAL_DMA_Abort
                0x0000000008000cdc      0x34c ./Drivers/STM32H7xx_HAL_Driver/Src/stm32h7xx_hal_dma.o
                0x0000000008000cdc                HAL_DMA_Abort
 .text.HAL_DMA_Abort_IT
                0x0000000008001028      0x120 ./Drivers/STM32H7xx_HAL_Driver/Src/stm32h7xx_hal_dma.o
                0x0000000008001028                HAL_DMA_Abort_IT
 .text.HAL_GPIO_Init
                0x0000000008001148      0x1d4 ./Drivers/STM32H7xx_HAL_Driver/Src/stm32h7xx_hal_gpio.o
                0x0000000008001148                HAL_GPIO_Init
 .text.HAL_GPIO_WritePin
                0x000000000800131c        0xa ./Drivers/STM32H7xx_HAL_Driver/Src/stm32h7xx_hal_gpio.o
                0x000000000800131c                HAL_GPIO_WritePin
 *fill*         0x0000000008001326        0x2 
 .text.HAL_PWREx_ConfigSupply
                0x0000000008001328       0x78 ./Drivers/STM32H7xx_HAL_Driver/Src/stm32h7xx_hal_pwr_ex.o
                0x0000000008001328                HAL_PWREx_ConfigSupply
 .text.HAL_RCC_OscConfig
                0x00000000080013a0      0x554 ./Drivers/STM32H7xx_HAL_Driver/Src/stm32h7xx_hal_rcc.o
                0x00000000080013a0                HAL_RCC_OscConfig
 .text.HAL_RCC_GetSysClockFreq
                0x00000000080018f4      0x144 ./Drivers/STM32H7xx_HAL_Driver/Src/stm32h7xx_hal_rcc.o
                0x00000000080018f4                HAL_RCC_GetSysClockFreq
 .text.HAL_RCC_ClockConfig
                0x0000000008001a38      0x24c ./Drivers/STM32H7xx_HAL_Driver/Src/stm32h7xx_hal_rcc.o
                0x0000000008001a38                HAL_RCC_ClockConfig
 .text.HAL_RCC_GetHCLKFreq
                0x0000000008001c84       0x44 ./Drivers/STM32H7xx_HAL_Driver/Src/stm32h7xx_hal_rcc.o
                0x0000000008001c84                HAL_RCC_GetHCLKFreq
 .text.HAL_RCC_GetPCLK1Freq
                0x0000000008001cc8       0x24 ./Drivers/STM32H7xx_HAL_Driver/Src/stm32h7xx_hal_rcc.o
                0x0000000008001cc8                HAL_RCC_GetPCLK1Freq
 .text.HAL_RCC_GetPCLK2Freq
                0x0000000008001cec       0x24 ./Drivers/STM32H7xx_HAL_Driver/Src/stm32h7xx_hal_rcc.o
                0x0000000008001cec                HAL_RCC_GetPCLK2Freq
 .text.RCCEx_PLL2_Config
                0x0000000008001d10       0xf0 ./Drivers/STM32H7xx_HAL_Driver/Src/stm32h7xx_hal_rcc_ex.o
 .text.RCCEx_PLL3_Config
                0x0000000008001e00       0xf0 ./Drivers/STM32H7xx_HAL_Driver/Src/stm32h7xx_hal_rcc_ex.o
 .text.HAL_RCCEx_PeriphCLKConfig
                0x0000000008001ef0      0x9bc ./Drivers/STM32H7xx_HAL_Driver/Src/stm32h7xx_hal_rcc_ex.o
                0x0000000008001ef0                HAL_RCCEx_PeriphCLKConfig
 .text.HAL_RCCEx_GetD3PCLK1Freq
                0x00000000080028ac       0x24 ./Drivers/STM32H7xx_HAL_Driver/Src/stm32h7xx_hal_rcc_ex.o
                0x00000000080028ac                HAL_RCCEx_GetD3PCLK1Freq
 .text.HAL_RCCEx_GetPLL2ClockFreq
                0x00000000080028d0      0x154 ./Drivers/STM32H7xx_HAL_Driver/Src/stm32h7xx_hal_rcc_ex.o
                0x00000000080028d0                HAL_RCCEx_GetPLL2ClockFreq
 .text.HAL_RCCEx_GetPLL3ClockFreq
                0x0000000008002a24      0x154 ./Drivers/STM32H7xx_HAL_Driver/Src/stm32h7xx_hal_rcc_ex.o
                0x0000000008002a24                HAL_RCCEx_GetPLL3ClockFreq
 .text.UART_EndRxTransfer
                0x0000000008002b78       0x58 ./Drivers/STM32H7xx_HAL_Driver/Src/stm32h7xx_hal_uart.o
 .text.HAL_UART_TxCpltCallback
                0x0000000008002bd0        0x2 ./Drivers/STM32H7xx_HAL_Driver/Src/stm32h7xx_hal_uart.o
                0x0000000008002bd0                HAL_UART_TxCpltCallback
 .text.UART_DMAAbortOnError
                0x0000000008002bd2       0x14 ./Drivers/STM32H7xx_HAL_Driver/Src/stm32h7xx_hal_uart.o
 .text.HAL_UARTEx_RxEventCallback
                0x0000000008002be6        0x2 ./Drivers/STM32H7xx_HAL_Driver/Src/stm32h7xx_hal_uart.o
                0x0000000008002be6                HAL_UARTEx_RxEventCallback
 .text.HAL_UART_IRQHandler
                0x0000000008002be8      0x348 ./Drivers/STM32H7xx_HAL_Driver/Src/stm32h7xx_hal_uart.o
                0x0000000008002be8                HAL_UART_IRQHandler
 .text.UART_RxISR_8BIT
                0x0000000008002f30       0xcc ./Drivers/STM32H7xx_HAL_Driver/Src/stm32h7xx_hal_uart.o
 .text.UART_RxISR_16BIT
                0x0000000008002ffc       0xc4 ./Drivers/STM32H7xx_HAL_Driver/Src/stm32h7xx_hal_uart.o
 .text.UART_RxISR_8BIT_FIFOEN
                0x00000000080030c0      0x19c ./Drivers/STM32H7xx_HAL_Driver/Src/stm32h7xx_hal_uart.o
 .text.UART_RxISR_16BIT_FIFOEN
                0x000000000800325c      0x198 ./Drivers/STM32H7xx_HAL_Driver/Src/stm32h7xx_hal_uart.o
 .text.UART_SetConfig
                0x00000000080033f4      0x3d0 ./Drivers/STM32H7xx_HAL_Driver/Src/stm32h7xx_hal_uart.o
                0x00000000080033f4                UART_SetConfig
 .text.UART_AdvFeatureConfig
                0x00000000080037c4       0xaa ./Drivers/STM32H7xx_HAL_Driver/Src/stm32h7xx_hal_uart.o
                0x00000000080037c4                UART_AdvFeatureConfig
 .text.UART_WaitOnFlagUntilTimeout
                0x000000000800386e       0x88 ./Drivers/STM32H7xx_HAL_Driver/Src/stm32h7xx_hal_uart.o
                0x000000000800386e                UART_WaitOnFlagUntilTimeout
 .text.UART_CheckIdleState
                0x00000000080038f6       0xb8 ./Drivers/STM32H7xx_HAL_Driver/Src/stm32h7xx_hal_uart.o
                0x00000000080038f6                UART_CheckIdleState
 .text.HAL_UART_Init
                0x00000000080039ae       0x60 ./Drivers/STM32H7xx_HAL_Driver/Src/stm32h7xx_hal_uart.o
                0x00000000080039ae                HAL_UART_Init
 *fill*         0x0000000008003a0e        0x2 
 .text.UART_Start_Receive_IT
                0x0000000008003a10      0x110 ./Drivers/STM32H7xx_HAL_Driver/Src/stm32h7xx_hal_uart.o
                0x0000000008003a10                UART_Start_Receive_IT
 .text.HAL_UART_Receive_IT
                0x0000000008003b20       0x44 ./Drivers/STM32H7xx_HAL_Driver/Src/stm32h7xx_hal_uart.o
                0x0000000008003b20                HAL_UART_Receive_IT
 .text.UARTEx_SetNbDataToProcess
                0x0000000008003b64       0x44 ./Drivers/STM32H7xx_HAL_Driver/Src/stm32h7xx_hal_uart_ex.o
 .text.HAL_UARTEx_WakeupCallback
                0x0000000008003ba8        0x2 ./Drivers/STM32H7xx_HAL_Driver/Src/stm32h7xx_hal_uart_ex.o
                0x0000000008003ba8                HAL_UARTEx_WakeupCallback
 .text.HAL_UARTEx_RxFifoFullCallback
                0x0000000008003baa        0x2 ./Drivers/STM32H7xx_HAL_Driver/Src/stm32h7xx_hal_uart_ex.o
                0x0000000008003baa                HAL_UARTEx_RxFifoFullCallback
 .text.HAL_UARTEx_TxFifoEmptyCallback
                0x0000000008003bac        0x2 ./Drivers/STM32H7xx_HAL_Driver/Src/stm32h7xx_hal_uart_ex.o
                0x0000000008003bac                HAL_UARTEx_TxFifoEmptyCallback
 .text.HAL_UARTEx_DisableFifoMode
                0x0000000008003bae       0x36 ./Drivers/STM32H7xx_HAL_Driver/Src/stm32h7xx_hal_uart_ex.o
                0x0000000008003bae                HAL_UARTEx_DisableFifoMode
 .text.HAL_UARTEx_SetTxFifoThreshold
                0x0000000008003be4       0x40 ./Drivers/STM32H7xx_HAL_Driver/Src/stm32h7xx_hal_uart_ex.o
                0x0000000008003be4                HAL_UARTEx_SetTxFifoThreshold
 .text.HAL_UARTEx_SetRxFifoThreshold
                0x0000000008003c24       0x40 ./Drivers/STM32H7xx_HAL_Driver/Src/stm32h7xx_hal_uart_ex.o
                0x0000000008003c24                HAL_UARTEx_SetRxFifoThreshold
 .text.load_descriptor_values
                0x0000000008003c64       0xd2 ./protobuf/Src/pb_common.o
 .text.advance_iterator
                0x0000000008003d36       0x50 ./protobuf/Src/pb_common.o
 .text.pb_field_iter_begin
                0x0000000008003d86       0x20 ./protobuf/Src/pb_common.o
                0x0000000008003d86                pb_field_iter_begin
 .text.pb_field_iter_begin_extension
                0x0000000008003da6       0x26 ./protobuf/Src/pb_common.o
                0x0000000008003da6                pb_field_iter_begin_extension
 .text.pb_field_iter_next
                0x0000000008003dcc       0x16 ./protobuf/Src/pb_common.o
                0x0000000008003dcc                pb_field_iter_next
 .text.pb_field_iter_find
                0x0000000008003de2       0x5e ./protobuf/Src/pb_common.o
                0x0000000008003de2                pb_field_iter_find
 .text.pb_field_iter_find_extension
                0x0000000008003e40       0x42 ./protobuf/Src/pb_common.o
                0x0000000008003e40                pb_field_iter_find_extension
 .text.buf_read
                0x0000000008003e82       0x16 ./protobuf/Src/pb_decode.o
 .text.pb_readbyte
                0x0000000008003e98       0x40 ./protobuf/Src/pb_decode.o
 .text.pb_decode_varint32_eof
                0x0000000008003ed8       0xbc ./protobuf/Src/pb_decode.o
 .text.pb_read  0x0000000008003f94        0xa ./protobuf/Src/pb_decode.o
                0x0000000008003f94                pb_read
 *fill*         0x0000000008003f9e        0x2 
 .text.pb_read.part.0
                0x0000000008003fa0       0x80 ./protobuf/Src/pb_decode.o
 .text.pb_istream_from_buffer
                0x0000000008004020       0x14 ./protobuf/Src/pb_decode.o
                0x0000000008004020                pb_istream_from_buffer
 .text.pb_decode_varint32
                0x0000000008004034        0x6 ./protobuf/Src/pb_decode.o
                0x0000000008004034                pb_decode_varint32
 *fill*         0x000000000800403a        0x2 
 .text.pb_decode_varint
                0x000000000800403c       0x6c ./protobuf/Src/pb_decode.o
                0x000000000800403c                pb_decode_varint
 .text.pb_decode_tag
                0x00000000080040a8       0x28 ./protobuf/Src/pb_decode.o
                0x00000000080040a8                pb_decode_tag
 .text.pb_skip_field
                0x00000000080040d0       0x6c ./protobuf/Src/pb_decode.o
                0x00000000080040d0                pb_skip_field
 .text.pb_make_string_substream
                0x000000000800413c       0x40 ./protobuf/Src/pb_decode.o
                0x000000000800413c                pb_make_string_substream
 .text.pb_close_string_substream
                0x000000000800417c       0x24 ./protobuf/Src/pb_decode.o
                0x000000000800417c                pb_close_string_substream
 .text.pb_decode_bool
                0x00000000080041a0       0x1a ./protobuf/Src/pb_decode.o
                0x00000000080041a0                pb_decode_bool
 .text.pb_decode_svarint
                0x00000000080041ba       0x2a ./protobuf/Src/pb_decode.o
                0x00000000080041ba                pb_decode_svarint
 .text.pb_decode_fixed32
                0x00000000080041e4       0x18 ./protobuf/Src/pb_decode.o
                0x00000000080041e4                pb_decode_fixed32
 .text.pb_decode_fixed64
                0x00000000080041fc       0x1a ./protobuf/Src/pb_decode.o
                0x00000000080041fc                pb_decode_fixed64
 *fill*         0x0000000008004216        0x2 
 .text.decode_basic_field
                0x0000000008004218      0x2d4 ./protobuf/Src/pb_decode.o
 .text.decode_field
                0x00000000080044ec      0x22c ./protobuf/Src/pb_decode.o
 .text.pb_message_set_to_defaults
                0x0000000008004718      0x11c ./protobuf/Src/pb_decode.o
 .text.pb_decode_inner
                0x0000000008004834      0x244 ./protobuf/Src/pb_decode.o
 .text.pb_decode
                0x0000000008004a78        0x6 ./protobuf/Src/pb_decode.o
                0x0000000008004a78                pb_decode
 .text.memset   0x0000000008004a7e       0x10 C:/ST/STM32CubeIDE_1.14.1/STM32CubeIDE/plugins/com.st.stm32cube.ide.mcu.externaltools.gnu-tools-for-stm32.11.3.rel1.win32_1.1.100.202309141235/tools/bin/../lib/gcc/arm-none-eabi/11.3.1/../../../../arm-none-eabi/lib/thumb/v7e-m+dp/hard\libc_nano.a(libc_a-memset.o)
                0x0000000008004a7e                memset
 *fill*         0x0000000008004a8e        0x2 
 .text.__libc_init_array
                0x0000000008004a90       0x48 C:/ST/STM32CubeIDE_1.14.1/STM32CubeIDE/plugins/com.st.stm32cube.ide.mcu.externaltools.gnu-tools-for-stm32.11.3.rel1.win32_1.1.100.202309141235/tools/bin/../lib/gcc/arm-none-eabi/11.3.1/../../../../arm-none-eabi/lib/thumb/v7e-m+dp/hard\libc_nano.a(libc_a-init.o)
                0x0000000008004a90                __libc_init_array
 .text.memcpy   0x0000000008004ad8       0x1c C:/ST/STM32CubeIDE_1.14.1/STM32CubeIDE/plugins/com.st.stm32cube.ide.mcu.externaltools.gnu-tools-for-stm32.11.3.rel1.win32_1.1.100.202309141235/tools/bin/../lib/gcc/arm-none-eabi/11.3.1/../../../../arm-none-eabi/lib/thumb/v7e-m+dp/hard\libc_nano.a(libc_a-memcpy-stub.o)
                0x0000000008004ad8                memcpy
 *(.glue_7)
 .glue_7        0x0000000008004af4        0x0 linker stubs
 *(.glue_7t)
 .glue_7t       0x0000000008004af4        0x0 linker stubs
 *(.eh_frame)
 .eh_frame      0x0000000008004af4        0x0 C:/ST/STM32CubeIDE_1.14.1/STM32CubeIDE/plugins/com.st.stm32cube.ide.mcu.externaltools.gnu-tools-for-stm32.11.3.rel1.win32_1.1.100.202309141235/tools/bin/../lib/gcc/arm-none-eabi/11.3.1/thumb/v7e-m+dp/hard/crtbegin.o
 *(.init)
 .init          0x0000000008004af4        0x4 C:/ST/STM32CubeIDE_1.14.1/STM32CubeIDE/plugins/com.st.stm32cube.ide.mcu.externaltools.gnu-tools-for-stm32.11.3.rel1.win32_1.1.100.202309141235/tools/bin/../lib/gcc/arm-none-eabi/11.3.1/thumb/v7e-m+dp/hard/crti.o
                0x0000000008004af4                _init
 .init          0x0000000008004af8        0x8 C:/ST/STM32CubeIDE_1.14.1/STM32CubeIDE/plugins/com.st.stm32cube.ide.mcu.externaltools.gnu-tools-for-stm32.11.3.rel1.win32_1.1.100.202309141235/tools/bin/../lib/gcc/arm-none-eabi/11.3.1/thumb/v7e-m+dp/hard/crtn.o
 *(.fini)
 .fini          0x0000000008004b00        0x4 C:/ST/STM32CubeIDE_1.14.1/STM32CubeIDE/plugins/com.st.stm32cube.ide.mcu.externaltools.gnu-tools-for-stm32.11.3.rel1.win32_1.1.100.202309141235/tools/bin/../lib/gcc/arm-none-eabi/11.3.1/thumb/v7e-m+dp/hard/crti.o
                0x0000000008004b00                _fini
 .fini          0x0000000008004b04        0x8 C:/ST/STM32CubeIDE_1.14.1/STM32CubeIDE/plugins/com.st.stm32cube.ide.mcu.externaltools.gnu-tools-for-stm32.11.3.rel1.win32_1.1.100.202309141235/tools/bin/../lib/gcc/arm-none-eabi/11.3.1/thumb/v7e-m+dp/hard/crtn.o
                0x0000000008004b0c                . = ALIGN (0x4)
                0x0000000008004b0c                _etext = .

.vfp11_veneer   0x0000000008004b0c        0x0
 .vfp11_veneer  0x0000000008004b0c        0x0 linker stubs

.v4_bx          0x0000000008004b0c        0x0
 .v4_bx         0x0000000008004b0c        0x0 linker stubs

.iplt           0x0000000008004b0c        0x0
 .iplt          0x0000000008004b0c        0x0 C:/ST/STM32CubeIDE_1.14.1/STM32CubeIDE/plugins/com.st.stm32cube.ide.mcu.externaltools.gnu-tools-for-stm32.11.3.rel1.win32_1.1.100.202309141235/tools/bin/../lib/gcc/arm-none-eabi/11.3.1/thumb/v7e-m+dp/hard/crtbegin.o

.rodata         0x0000000008004b0c      0x234
                0x0000000008004b0c                . = ALIGN (0x4)
 *(.rodata)
 .rodata        0x0000000008004b0c        0x4 ./protobuf/Src/STM32_led.pb.o
 *(.rodata*)
 .rodata.D1CorePrescTable
                0x0000000008004b10       0x10 ./Core/Src/system_stm32h7xx.o
                0x0000000008004b10                D1CorePrescTable
 .rodata.CSWTCH.61
                0x0000000008004b20       0x29 ./Drivers/STM32H7xx_HAL_Driver/Src/stm32h7xx_hal_uart.o
 .rodata.CSWTCH.62
                0x0000000008004b49        0x6 ./Drivers/STM32H7xx_HAL_Driver/Src/stm32h7xx_hal_uart.o
 .rodata.CSWTCH.71
                0x0000000008004b4f        0x6 ./Drivers/STM32H7xx_HAL_Driver/Src/stm32h7xx_hal_uart.o
 *fill*         0x0000000008004b55        0x1 
 .rodata.UARTPrescTable
                0x0000000008004b56       0x18 ./Drivers/STM32H7xx_HAL_Driver/Src/stm32h7xx_hal_uart.o
                0x0000000008004b56                UARTPrescTable
 .rodata.denominator.0
                0x0000000008004b6e        0x8 ./Drivers/STM32H7xx_HAL_Driver/Src/stm32h7xx_hal_uart_ex.o
 .rodata.numerator.1
                0x0000000008004b76        0x8 ./Drivers/STM32H7xx_HAL_Driver/Src/stm32h7xx_hal_uart_ex.o
 *fill*         0x0000000008004b7e        0x2 
 .rodata.ChangeLedStateMsg_field_info
                0x0000000008004b80        0x8 ./protobuf/Src/STM32_led.pb.o
                0x0000000008004b80                ChangeLedStateMsg_field_info
 .rodata.ChangeLedStateMsg_msg
                0x0000000008004b88       0x18 ./protobuf/Src/STM32_led.pb.o
                0x0000000008004b88                ChangeLedStateMsg_msg
 .rodata.ChangeLedStateMsg_submsg_info
                0x0000000008004ba0        0x4 ./protobuf/Src/STM32_led.pb.o
                0x0000000008004ba0                ChangeLedStateMsg_submsg_info
 .rodata.pb_readbyte.str1.1
                0x0000000008004ba4       0x17 ./protobuf/Src/pb_decode.o
 .rodata.pb_decode_varint32_eof.str1.1
                0x0000000008004bbb       0x10 ./protobuf/Src/pb_decode.o
 .rodata.pb_skip_field.str1.1
                0x0000000008004bcb       0x12 ./protobuf/Src/pb_decode.o
 .rodata.pb_make_string_substream.str1.1
                0x0000000008004bdd       0x18 ./protobuf/Src/pb_decode.o
 .rodata.decode_basic_field.str1.1
                0x0000000008004bf5       0xc2 ./protobuf/Src/pb_decode.o
 .rodata.decode_field.str1.1
                0x0000000008004cb7       0x36 ./protobuf/Src/pb_decode.o
 .rodata.pb_decode_inner.str1.1
                0x0000000008004ced       0x53 ./protobuf/Src/pb_decode.o
                0x0000000008004d40                . = ALIGN (0x4)

.ARM.extab
 *(.ARM.extab* .gnu.linkonce.armextab.*)

.ARM            0x0000000008004d40        0x8
                0x0000000008004d40                __exidx_start = .
 *(.ARM.exidx*)
 .ARM.exidx     0x0000000008004d40        0x8 C:/ST/STM32CubeIDE_1.14.1/STM32CubeIDE/plugins/com.st.stm32cube.ide.mcu.externaltools.gnu-tools-for-stm32.11.3.rel1.win32_1.1.100.202309141235/tools/bin/../lib/gcc/arm-none-eabi/11.3.1/thumb/v7e-m+dp/hard\libgcc.a(_udivmoddi4.o)
                0x0000000008004d48                __exidx_end = .

.rel.dyn        0x0000000008004d48        0x0
 .rel.iplt      0x0000000008004d48        0x0 C:/ST/STM32CubeIDE_1.14.1/STM32CubeIDE/plugins/com.st.stm32cube.ide.mcu.externaltools.gnu-tools-for-stm32.11.3.rel1.win32_1.1.100.202309141235/tools/bin/../lib/gcc/arm-none-eabi/11.3.1/thumb/v7e-m+dp/hard/crtbegin.o

.preinit_array  0x0000000008004d48        0x0
                0x0000000008004d48                PROVIDE (__preinit_array_start = .)
 *(.preinit_array*)
                0x0000000008004d48                PROVIDE (__preinit_array_end = .)

.init_array     0x0000000008004d48        0x4
                0x0000000008004d48                PROVIDE (__init_array_start = .)
 *(SORT_BY_NAME(.init_array.*))
 *(.init_array*)
 .init_array    0x0000000008004d48        0x4 C:/ST/STM32CubeIDE_1.14.1/STM32CubeIDE/plugins/com.st.stm32cube.ide.mcu.externaltools.gnu-tools-for-stm32.11.3.rel1.win32_1.1.100.202309141235/tools/bin/../lib/gcc/arm-none-eabi/11.3.1/thumb/v7e-m+dp/hard/crtbegin.o
                0x0000000008004d4c                PROVIDE (__init_array_end = .)

.fini_array     0x0000000008004d4c        0x4
                [!provide]                        PROVIDE (__fini_array_start = .)
 *(SORT_BY_NAME(.fini_array.*))
 *(.fini_array*)
 .fini_array    0x0000000008004d4c        0x4 C:/ST/STM32CubeIDE_1.14.1/STM32CubeIDE/plugins/com.st.stm32cube.ide.mcu.externaltools.gnu-tools-for-stm32.11.3.rel1.win32_1.1.100.202309141235/tools/bin/../lib/gcc/arm-none-eabi/11.3.1/thumb/v7e-m+dp/hard/crtbegin.o
                [!provide]                        PROVIDE (__fini_array_end = .)
                0x0000000008004d50                _sidata = LOADADDR (.data)

.data           0x0000000024000000       0x10 load address 0x0000000008004d50
                0x0000000024000000                . = ALIGN (0x4)
                0x0000000024000000                _sdata = .
 *(.data)
 *(.data*)
 .data.SystemCoreClock
                0x0000000024000000        0x4 ./Core/Src/system_stm32h7xx.o
                0x0000000024000000                SystemCoreClock
 .data.SystemD2Clock
                0x0000000024000004        0x4 ./Core/Src/system_stm32h7xx.o
                0x0000000024000004                SystemD2Clock
 .data.uwTickFreq
                0x0000000024000008        0x1 ./Drivers/STM32H7xx_HAL_Driver/Src/stm32h7xx_hal.o
                0x0000000024000008                uwTickFreq
 *fill*         0x0000000024000009        0x3 
 .data.uwTickPrio
                0x000000002400000c        0x4 ./Drivers/STM32H7xx_HAL_Driver/Src/stm32h7xx_hal.o
                0x000000002400000c                uwTickPrio
 *(.RamFunc)
 *(.RamFunc*)
                0x0000000024000010                . = ALIGN (0x4)
                0x0000000024000010                _edata = .

.igot.plt       0x0000000024000010        0x0 load address 0x0000000008004d60
 .igot.plt      0x0000000024000010        0x0 C:/ST/STM32CubeIDE_1.14.1/STM32CubeIDE/plugins/com.st.stm32cube.ide.mcu.externaltools.gnu-tools-for-stm32.11.3.rel1.win32_1.1.100.202309141235/tools/bin/../lib/gcc/arm-none-eabi/11.3.1/thumb/v7e-m+dp/hard/crtbegin.o
                0x0000000024000010                . = ALIGN (0x4)

.bss            0x0000000024000010       0xb8 load address 0x0000000008004d60
                0x0000000024000010                _sbss = .
                0x0000000024000010                __bss_start__ = _sbss
 *(.bss)
 .bss           0x0000000024000010       0x1c C:/ST/STM32CubeIDE_1.14.1/STM32CubeIDE/plugins/com.st.stm32cube.ide.mcu.externaltools.gnu-tools-for-stm32.11.3.rel1.win32_1.1.100.202309141235/tools/bin/../lib/gcc/arm-none-eabi/11.3.1/thumb/v7e-m+dp/hard/crtbegin.o
 *(.bss*)
 .bss.huart3    0x000000002400002c       0x94 ./Core/Src/main.o
                0x000000002400002c                huart3
 .bss.uartBuffer
                0x00000000240000c0        0x2 ./Core/Src/main.o
 .bss.pbDecodeStatus
                0x00000000240000c2        0x1 ./Core/Src/process_protobuf.o
 *fill*         0x00000000240000c3        0x1 
 .bss.uwTick    0x00000000240000c4        0x4 ./Drivers/STM32H7xx_HAL_Driver/Src/stm32h7xx_hal.o
                0x00000000240000c4                uwTick
 *(COMMON)
                0x00000000240000c8                . = ALIGN (0x4)
                0x00000000240000c8                _ebss = .
                0x00000000240000c8                __bss_end__ = _ebss

._user_heap_stack
                0x00000000240000c8      0x600 load address 0x0000000008004d60
                0x00000000240000c8                . = ALIGN (0x8)
                [!provide]                        PROVIDE (end = .)
                0x00000000240000c8                PROVIDE (_end = .)
                0x00000000240002c8                . = (. + _Min_Heap_Size)
 *fill*         0x00000000240000c8      0x200 
                0x00000000240006c8                . = (. + _Min_Stack_Size)
 *fill*         0x00000000240002c8      0x400 
                0x00000000240006c8                . = ALIGN (0x8)

/DISCARD/
 libc.a(*)
 libm.a(*)
 libgcc.a(*)

.ARM.attributes
                0x0000000000000000       0x2e
 *(.ARM.attributes)
 .ARM.attributes
                0x0000000000000000       0x1e C:/ST/STM32CubeIDE_1.14.1/STM32CubeIDE/plugins/com.st.stm32cube.ide.mcu.externaltools.gnu-tools-for-stm32.11.3.rel1.win32_1.1.100.202309141235/tools/bin/../lib/gcc/arm-none-eabi/11.3.1/thumb/v7e-m+dp/hard/crti.o
 .ARM.attributes
                0x000000000000001e       0x32 C:/ST/STM32CubeIDE_1.14.1/STM32CubeIDE/plugins/com.st.stm32cube.ide.mcu.externaltools.gnu-tools-for-stm32.11.3.rel1.win32_1.1.100.202309141235/tools/bin/../lib/gcc/arm-none-eabi/11.3.1/thumb/v7e-m+dp/hard/crtbegin.o
 .ARM.attributes
                0x0000000000000050       0x32 ./Core/Src/main.o
 .ARM.attributes
                0x0000000000000082       0x32 ./Core/Src/process_protobuf.o
 .ARM.attributes
                0x00000000000000b4       0x32 ./Core/Src/stm32h7xx_hal_msp.o
 .ARM.attributes
                0x00000000000000e6       0x32 ./Core/Src/stm32h7xx_it.o
 .ARM.attributes
                0x0000000000000118       0x32 ./Core/Src/system_stm32h7xx.o
 .ARM.attributes
                0x000000000000014a       0x21 ./Core/Startup/startup_stm32h7a3zitxq.o
 .ARM.attributes
                0x000000000000016b       0x32 ./Drivers/STM32H7xx_HAL_Driver/Src/stm32h7xx_hal.o
 .ARM.attributes
                0x000000000000019d       0x32 ./Drivers/STM32H7xx_HAL_Driver/Src/stm32h7xx_hal_cortex.o
 .ARM.attributes
                0x00000000000001cf       0x32 ./Drivers/STM32H7xx_HAL_Driver/Src/stm32h7xx_hal_dma.o
 .ARM.attributes
                0x0000000000000201       0x32 ./Drivers/STM32H7xx_HAL_Driver/Src/stm32h7xx_hal_gpio.o
 .ARM.attributes
                0x0000000000000233       0x32 ./Drivers/STM32H7xx_HAL_Driver/Src/stm32h7xx_hal_pwr_ex.o
 .ARM.attributes
                0x0000000000000265       0x32 ./Drivers/STM32H7xx_HAL_Driver/Src/stm32h7xx_hal_rcc.o
 .ARM.attributes
                0x0000000000000297       0x32 ./Drivers/STM32H7xx_HAL_Driver/Src/stm32h7xx_hal_rcc_ex.o
 .ARM.attributes
                0x00000000000002c9       0x32 ./Drivers/STM32H7xx_HAL_Driver/Src/stm32h7xx_hal_uart.o
 .ARM.attributes
                0x00000000000002fb       0x32 ./Drivers/STM32H7xx_HAL_Driver/Src/stm32h7xx_hal_uart_ex.o
 .ARM.attributes
                0x000000000000032d       0x32 ./protobuf/Src/STM32_led.pb.o
 .ARM.attributes
                0x000000000000035f       0x32 ./protobuf/Src/pb_common.o
 .ARM.attributes
                0x0000000000000391       0x32 ./protobuf/Src/pb_decode.o
 .ARM.attributes
                0x00000000000003c3       0x32 C:/ST/STM32CubeIDE_1.14.1/STM32CubeIDE/plugins/com.st.stm32cube.ide.mcu.externaltools.gnu-tools-for-stm32.11.3.rel1.win32_1.1.100.202309141235/tools/bin/../lib/gcc/arm-none-eabi/11.3.1/../../../../arm-none-eabi/lib/thumb/v7e-m+dp/hard\libc_nano.a(libc_a-memset.o)
 .ARM.attributes
                0x00000000000003f5       0x32 C:/ST/STM32CubeIDE_1.14.1/STM32CubeIDE/plugins/com.st.stm32cube.ide.mcu.externaltools.gnu-tools-for-stm32.11.3.rel1.win32_1.1.100.202309141235/tools/bin/../lib/gcc/arm-none-eabi/11.3.1/../../../../arm-none-eabi/lib/thumb/v7e-m+dp/hard\libc_nano.a(libc_a-init.o)
 .ARM.attributes
                0x0000000000000427       0x32 C:/ST/STM32CubeIDE_1.14.1/STM32CubeIDE/plugins/com.st.stm32cube.ide.mcu.externaltools.gnu-tools-for-stm32.11.3.rel1.win32_1.1.100.202309141235/tools/bin/../lib/gcc/arm-none-eabi/11.3.1/../../../../arm-none-eabi/lib/thumb/v7e-m+dp/hard\libc_nano.a(libc_a-memcpy-stub.o)
 .ARM.attributes
                0x0000000000000459       0x1e C:/ST/STM32CubeIDE_1.14.1/STM32CubeIDE/plugins/com.st.stm32cube.ide.mcu.externaltools.gnu-tools-for-stm32.11.3.rel1.win32_1.1.100.202309141235/tools/bin/../lib/gcc/arm-none-eabi/11.3.1/thumb/v7e-m+dp/hard\libgcc.a(_aeabi_uldivmod.o)
 .ARM.attributes
                0x0000000000000477       0x32 C:/ST/STM32CubeIDE_1.14.1/STM32CubeIDE/plugins/com.st.stm32cube.ide.mcu.externaltools.gnu-tools-for-stm32.11.3.rel1.win32_1.1.100.202309141235/tools/bin/../lib/gcc/arm-none-eabi/11.3.1/thumb/v7e-m+dp/hard\libgcc.a(_udivmoddi4.o)
 .ARM.attributes
                0x00000000000004a9       0x1e C:/ST/STM32CubeIDE_1.14.1/STM32CubeIDE/plugins/com.st.stm32cube.ide.mcu.externaltools.gnu-tools-for-stm32.11.3.rel1.win32_1.1.100.202309141235/tools/bin/../lib/gcc/arm-none-eabi/11.3.1/thumb/v7e-m+dp/hard\libgcc.a(_dvmd_tls.o)
 .ARM.attributes
                0x00000000000004c7       0x1e C:/ST/STM32CubeIDE_1.14.1/STM32CubeIDE/plugins/com.st.stm32cube.ide.mcu.externaltools.gnu-tools-for-stm32.11.3.rel1.win32_1.1.100.202309141235/tools/bin/../lib/gcc/arm-none-eabi/11.3.1/thumb/v7e-m+dp/hard/crtn.o
OUTPUT(STM32_protobuf.elf elf32-littlearm)
LOAD linker stubs
LOAD C:/ST/STM32CubeIDE_1.14.1/STM32CubeIDE/plugins/com.st.stm32cube.ide.mcu.externaltools.gnu-tools-for-stm32.11.3.rel1.win32_1.1.100.202309141235/tools/bin/../lib/gcc/arm-none-eabi/11.3.1/../../../../arm-none-eabi/lib/thumb/v7e-m+dp/hard\libc.a
LOAD C:/ST/STM32CubeIDE_1.14.1/STM32CubeIDE/plugins/com.st.stm32cube.ide.mcu.externaltools.gnu-tools-for-stm32.11.3.rel1.win32_1.1.100.202309141235/tools/bin/../lib/gcc/arm-none-eabi/11.3.1/../../../../arm-none-eabi/lib/thumb/v7e-m+dp/hard\libm.a
LOAD C:/ST/STM32CubeIDE_1.14.1/STM32CubeIDE/plugins/com.st.stm32cube.ide.mcu.externaltools.gnu-tools-for-stm32.11.3.rel1.win32_1.1.100.202309141235/tools/bin/../lib/gcc/arm-none-eabi/11.3.1/thumb/v7e-m+dp/hard\libgcc.a

.comment        0x0000000000000000       0x43
 .comment       0x0000000000000000       0x43 C:/ST/STM32CubeIDE_1.14.1/STM32CubeIDE/plugins/com.st.stm32cube.ide.mcu.externaltools.gnu-tools-for-stm32.11.3.rel1.win32_1.1.100.202309141235/tools/bin/../lib/gcc/arm-none-eabi/11.3.1/thumb/v7e-m+dp/hard/crtbegin.o
                                         0x44 (size before relaxing)
 .comment       0x0000000000000043       0x44 ./Core/Src/main.o
 .comment       0x0000000000000043       0x44 ./Core/Src/process_protobuf.o
 .comment       0x0000000000000043       0x44 ./Core/Src/stm32h7xx_hal_msp.o
 .comment       0x0000000000000043       0x44 ./Core/Src/stm32h7xx_it.o
 .comment       0x0000000000000043       0x44 ./Core/Src/system_stm32h7xx.o
 .comment       0x0000000000000043       0x44 ./Drivers/STM32H7xx_HAL_Driver/Src/stm32h7xx_hal.o
 .comment       0x0000000000000043       0x44 ./Drivers/STM32H7xx_HAL_Driver/Src/stm32h7xx_hal_cortex.o
 .comment       0x0000000000000043       0x44 ./Drivers/STM32H7xx_HAL_Driver/Src/stm32h7xx_hal_dma.o
 .comment       0x0000000000000043       0x44 ./Drivers/STM32H7xx_HAL_Driver/Src/stm32h7xx_hal_gpio.o
 .comment       0x0000000000000043       0x44 ./Drivers/STM32H7xx_HAL_Driver/Src/stm32h7xx_hal_pwr_ex.o
 .comment       0x0000000000000043       0x44 ./Drivers/STM32H7xx_HAL_Driver/Src/stm32h7xx_hal_rcc.o
 .comment       0x0000000000000043       0x44 ./Drivers/STM32H7xx_HAL_Driver/Src/stm32h7xx_hal_rcc_ex.o
 .comment       0x0000000000000043       0x44 ./Drivers/STM32H7xx_HAL_Driver/Src/stm32h7xx_hal_uart.o
 .comment       0x0000000000000043       0x44 ./Drivers/STM32H7xx_HAL_Driver/Src/stm32h7xx_hal_uart_ex.o
 .comment       0x0000000000000043       0x44 ./protobuf/Src/STM32_led.pb.o
 .comment       0x0000000000000043       0x44 ./protobuf/Src/pb_common.o
 .comment       0x0000000000000043       0x44 ./protobuf/Src/pb_decode.o

.debug_frame    0x0000000000000000       0xd4
 .debug_frame   0x0000000000000000       0x20 C:/ST/STM32CubeIDE_1.14.1/STM32CubeIDE/plugins/com.st.stm32cube.ide.mcu.externaltools.gnu-tools-for-stm32.11.3.rel1.win32_1.1.100.202309141235/tools/bin/../lib/gcc/arm-none-eabi/11.3.1/../../../../arm-none-eabi/lib/thumb/v7e-m+dp/hard\libc_nano.a(libc_a-memset.o)
 .debug_frame   0x0000000000000020       0x2c C:/ST/STM32CubeIDE_1.14.1/STM32CubeIDE/plugins/com.st.stm32cube.ide.mcu.externaltools.gnu-tools-for-stm32.11.3.rel1.win32_1.1.100.202309141235/tools/bin/../lib/gcc/arm-none-eabi/11.3.1/../../../../arm-none-eabi/lib/thumb/v7e-m+dp/hard\libc_nano.a(libc_a-init.o)
 .debug_frame   0x000000000000004c       0x28 C:/ST/STM32CubeIDE_1.14.1/STM32CubeIDE/plugins/com.st.stm32cube.ide.mcu.externaltools.gnu-tools-for-stm32.11.3.rel1.win32_1.1.100.202309141235/tools/bin/../lib/gcc/arm-none-eabi/11.3.1/../../../../arm-none-eabi/lib/thumb/v7e-m+dp/hard\libc_nano.a(libc_a-memcpy-stub.o)
 .debug_frame   0x0000000000000074       0x2c C:/ST/STM32CubeIDE_1.14.1/STM32CubeIDE/plugins/com.st.stm32cube.ide.mcu.externaltools.gnu-tools-for-stm32.11.3.rel1.win32_1.1.100.202309141235/tools/bin/../lib/gcc/arm-none-eabi/11.3.1/thumb/v7e-m+dp/hard\libgcc.a(_aeabi_uldivmod.o)
 .debug_frame   0x00000000000000a0       0x34 C:/ST/STM32CubeIDE_1.14.1/STM32CubeIDE/plugins/com.st.stm32cube.ide.mcu.externaltools.gnu-tools-for-stm32.11.3.rel1.win32_1.1.100.202309141235/tools/bin/../lib/gcc/arm-none-eabi/11.3.1/thumb/v7e-m+dp/hard\libgcc.a(_udivmoddi4.o)
